\BOOKMARK [1][-]{section.1}{\376\377\000P\000r\000o\000d\000u\000k\000t\000e\000n\000t\000w\000i\000c\000k\000l\000u\000n\000g}{}% 1
\BOOKMARK [2][-]{subsection.1.1}{\376\377\000E\000i\000n\000f\000\374\000h\000r\000u\000n\000g\000\040\000u\000n\000d\000\040\000\334\000b\000e\000r\000s\000i\000c\000h\000t}{section.1}% 2
\BOOKMARK [2][-]{subsection.1.2}{\376\377\000P\000r\000o\000j\000e\000k\000t\000p\000l\000a\000n\000u\000n\000g}{section.1}% 3
\BOOKMARK [3][-]{subsubsection.1.2.1}{\376\377\000Z\000e\000i\000t\000p\000l\000a\000n}{subsection.1.2}% 4
\BOOKMARK [2][-]{subsection.1.3}{\376\377\000R\000e\000c\000h\000e\000r\000c\000h\000e\000b\000e\000r\000i\000c\000h\000t}{section.1}% 5
\BOOKMARK [2][-]{subsection.1.4}{\376\377\000A\000n\000f\000o\000r\000d\000e\000r\000u\000n\000g\000s\000l\000i\000s\000t\000e}{section.1}% 6
\BOOKMARK [3][-]{subsubsection.1.4.1}{\376\377\000M\000u\000s\000s\000-\000A\000n\000f\000o\000r\000d\000e\000r\000u\000n\000g\000e\000n}{subsection.1.4}% 7
\BOOKMARK [3][-]{subsubsection.1.4.2}{\376\377\000S\000o\000l\000l\000-\000A\000n\000f\000o\000r\000d\000e\000r\000u\000n\000g\000e\000n}{subsection.1.4}% 8
\BOOKMARK [3][-]{subsubsection.1.4.3}{\376\377\000K\000a\000n\000n\000-\000A\000n\000f\000o\000r\000d\000e\000r\000u\000n\000g\000e\000n}{subsection.1.4}% 9
\BOOKMARK [2][-]{subsection.1.5}{\376\377\000F\000u\000n\000k\000t\000i\000o\000n\000s\000s\000t\000r\000u\000k\000t\000u\000r}{section.1}% 10
\BOOKMARK [2][-]{subsection.1.6}{\376\377\000M\000o\000r\000p\000h\000o\000l\000o\000g\000i\000s\000c\000h\000e\000r\000\040\000K\000a\000s\000t\000e\000n}{section.1}% 11
\BOOKMARK [2][-]{subsection.1.7}{\376\377\000L\000\366\000s\000u\000n\000g\000s\000p\000r\000i\000n\000z\000i\000p\000i\000e\000n}{section.1}% 12
\BOOKMARK [2][-]{subsection.1.8}{\376\377\000N\000u\000t\000z\000w\000e\000r\000t\000a\000n\000a\000l\000y\000s\000e}{section.1}% 13
\BOOKMARK [3][-]{subsubsection.1.8.1}{\376\377\000B\000e\000w\000e\000r\000t\000u\000n\000g\000s\000k\000r\000i\000t\000e\000r\000i\000e\000n}{subsection.1.8}% 14
\BOOKMARK [3][-]{subsubsection.1.8.2}{\376\377\000G\000e\000w\000i\000c\000h\000t\000u\000n\000g}{subsection.1.8}% 15
\BOOKMARK [3][-]{subsubsection.1.8.3}{\376\377\000A\000u\000s\000w\000e\000r\000t\000u\000n\000g}{subsection.1.8}% 16
\BOOKMARK [2][-]{subsection.1.9}{\376\377\000E\000r\000s\000t\000e\000r\000\040\000P\000r\000o\000t\000o\000t\000y\000p}{section.1}% 17
\BOOKMARK [2][-]{subsection.1.10}{\376\377\000Z\000w\000e\000i\000t\000e\000r\000\040\000P\000r\000o\000t\000o\000t\000y\000p}{section.1}% 18
\BOOKMARK [2][-]{subsection.1.11}{\376\377\000F\000i\000n\000a\000l\000e\000s\000\040\000K\000o\000n\000z\000e\000p\000t}{section.1}% 19
\BOOKMARK [2][-]{subsection.1.12}{\376\377\000B\000u\000d\000g\000e\000t}{section.1}% 20
\BOOKMARK [3][-]{subsubsection.1.12.1}{\376\377\000K\000o\000s\000t\000e\000n\000\374\000b\000e\000r\000s\000i\000c\000h\000t}{subsection.1.12}% 21
\BOOKMARK [1][-]{section.2}{\376\377\000M\000e\000c\000h\000a\000n\000i\000k}{}% 22
\BOOKMARK [2][-]{subsection.2.1}{\376\377\000E\000i\000n\000f\000\374\000h\000r\000u\000n\000g\000\040\000u\000n\000d\000\040\000\334\000b\000e\000r\000s\000i\000c\000h\000t}{section.2}% 23
\BOOKMARK [2][-]{subsection.2.2}{\376\377\000E\000n\000t\000w\000i\000c\000k\000l\000u\000n\000g\000\040\000d\000e\000r\000\040\000m\000e\000c\000h\000a\000n\000i\000s\000c\000h\000e\000n\000\040\000L\000\366\000s\000u\000n\000g}{section.2}% 24
\BOOKMARK [3][-]{subsubsection.2.2.1}{\376\377\000K\000o\000n\000z\000e\000p\000t\000p\000h\000a\000s\000e}{subsection.2.2}% 25
\BOOKMARK [3][-]{subsubsection.2.2.2}{\376\377\000K\000o\000n\000s\000t\000r\000u\000k\000t\000i\000v\000e\000\040\000U\000m\000s\000e\000t\000z\000u\000n\000g}{subsection.2.2}% 26
\BOOKMARK [3][-]{subsubsection.2.2.3}{\376\377\000V\000o\000m\000\040\000P\000r\000o\000t\000o\000t\000y\000p\000\040\000z\000u\000r\000\040\000f\000i\000n\000a\000l\000e\000n\000\040\000L\000\366\000s\000u\000n\000g}{subsection.2.2}% 27
\BOOKMARK [2][-]{subsection.2.3}{\376\377\000B\000e\000r\000e\000c\000h\000n\000u\000n\000g\000e\000n}{section.2}% 28
\BOOKMARK [3][-]{subsubsection.2.3.1}{\376\377\000M\000o\000t\000o\000r\000e\000n\000m\000o\000m\000e\000n\000t}{subsection.2.3}% 29
\BOOKMARK [3][-]{subsubsection.2.3.2}{\376\377\000L\000e\000i\000s\000t\000u\000n\000g\000s\000b\000e\000r\000e\000c\000h\000n\000u\000n\000g}{subsection.2.3}% 30
\BOOKMARK [3][-]{subsubsection.2.3.3}{\376\377\000W\000e\000i\000t\000e\000r\000e\000\040\000r\000e\000l\000e\000v\000a\000n\000t\000e\000\040\000B\000e\000r\000e\000c\000h\000n\000u\000n\000g\000e\000n}{subsection.2.3}% 31
\BOOKMARK [2][-]{subsection.2.4}{\376\377\000F\000i\000n\000a\000l\000e\000\040\000K\000o\000n\000s\000t\000r\000u\000k\000t\000i\000o\000n}{section.2}% 32
\BOOKMARK [3][-]{subsubsection.2.4.1}{\376\377\000S\000k\000i\000z\000z\000e\000n\000\040\000d\000e\000r\000\040\000f\000i\000n\000a\000l\000e\000n\000\040\000L\000\366\000s\000u\000n\000g}{subsection.2.4}% 33
\BOOKMARK [3][-]{subsubsection.2.4.2}{\376\377\000S\000c\000r\000e\000e\000n\000s\000h\000o\000t\000s\000\040\000d\000e\000r\000\040\000C\000A\000D\000-\000K\000o\000n\000s\000t\000r\000u\000k\000t\000i\000o\000n}{subsection.2.4}% 34
\BOOKMARK [2][-]{subsection.2.5}{\376\377\000Z\000u\000s\000a\000m\000m\000e\000n\000b\000a\000u}{section.2}% 35
\BOOKMARK [1][-]{section.3}{\376\377\000E\000l\000e\000k\000t\000r\000o\000n\000i\000k}{}% 36
\BOOKMARK [2][-]{subsection.3.1}{\376\377\000E\000i\000n\000f\000\374\000h\000r\000u\000n\000g\000\040\000u\000n\000d\000\040\000\334\000b\000e\000r\000s\000i\000c\000h\000t}{section.3}% 37
\BOOKMARK [2][-]{subsection.3.2}{\376\377\000S\000e\000l\000b\000s\000t\000\040\000e\000n\000t\000w\000i\000c\000k\000e\000l\000t\000e\000\040\000E\000l\000e\000k\000t\000r\000o\000n\000i\000k}{section.3}% 38
\BOOKMARK [2][-]{subsection.3.3}{\376\377\000E\000l\000e\000k\000t\000r\000o\000n\000i\000k\000s\000c\000h\000e\000m\000a}{section.3}% 39
\BOOKMARK [2][-]{subsection.3.4}{\376\377\000P\000i\000n\000b\000e\000l\000e\000g\000u\000n\000g}{section.3}% 40
\BOOKMARK [2][-]{subsection.3.5}{\376\377\000V\000e\000r\000w\000e\000n\000d\000e\000t\000e\000\040\000B\000a\000u\000t\000e\000i\000l\000e}{section.3}% 41
\BOOKMARK [3][-]{subsubsection.3.5.1}{\376\377\000A\000k\000t\000o\000r\000e\000n}{subsection.3.5}% 42
\BOOKMARK [3][-]{subsubsection.3.5.2}{\376\377\000S\000e\000n\000s\000o\000r\000e\000n}{subsection.3.5}% 43
\BOOKMARK [3][-]{subsubsection.3.5.3}{\376\377\000M\000i\000k\000r\000o\000c\000o\000n\000t\000r\000o\000l\000l\000e\000r}{subsection.3.5}% 44
\BOOKMARK [3][-]{subsubsection.3.5.4}{\376\377\000S\000p\000a\000n\000n\000u\000n\000g\000s\000v\000e\000r\000s\000o\000r\000g\000u\000n\000g}{subsection.3.5}% 45
\BOOKMARK [1][-]{section.4}{\376\377\000S\000o\000f\000t\000w\000a\000r\000e}{}% 46
\BOOKMARK [2][-]{subsection.4.1}{\376\377\000E\000i\000n\000f\000\374\000h\000r\000u\000n\000g\000\040\000u\000n\000d\000\040\000\334\000b\000e\000r\000s\000i\000c\000h\000t}{section.4}% 47
\BOOKMARK [2][-]{subsection.4.2}{\376\377\000P\000r\000o\000g\000r\000a\000m\000m\000i\000e\000r\000u\000m\000g\000e\000b\000u\000n\000g}{section.4}% 48
\BOOKMARK [2][-]{subsection.4.3}{\376\377\000S\000o\000f\000t\000w\000a\000r\000e\000s\000t\000r\000u\000k\000t\000u\000r}{section.4}% 49
\BOOKMARK [3][-]{subsubsection.4.3.1}{\376\377\000M\000o\000d\000u\000l\000\374\000b\000e\000r\000s\000i\000c\000h\000t}{subsection.4.3}% 50
\BOOKMARK [3][-]{subsubsection.4.3.2}{\376\377\000D\000a\000t\000e\000n\000f\000l\000u\000s\000s}{subsection.4.3}% 51
\BOOKMARK [2][-]{subsection.4.4}{\376\377\000F\000l\000o\000w\000-\000C\000h\000a\000r\000t}{section.4}% 52
\BOOKMARK [2][-]{subsection.4.5}{\376\377\000I\000m\000p\000l\000e\000m\000e\000n\000t\000i\000e\000r\000u\000n\000g\000s\000d\000e\000t\000a\000i\000l\000s}{section.4}% 53
\BOOKMARK [1][-]{section.5}{\376\377\000F\000a\000z\000i\000t}{}% 54
\BOOKMARK [2][-]{subsection.5.1}{\376\377\000E\000r\000r\000e\000i\000c\000h\000t\000e\000\040\000Z\000i\000e\000l\000e}{section.5}% 55
\BOOKMARK [2][-]{subsection.5.2}{\376\377\000V\000e\000r\000b\000e\000s\000s\000e\000r\000u\000n\000g\000s\000p\000o\000t\000e\000n\000t\000i\000a\000l}{section.5}% 56
\BOOKMARK [2][-]{subsection.5.3}{\376\377\000A\000u\000s\000b\000l\000i\000c\000k}{section.5}% 57
\BOOKMARK [1][-]{section.6}{\376\377\000D\000e\000k\000l\000a\000r\000a\000t\000i\000o\000n\000\040\000d\000e\000s\000\040\000E\000i\000n\000s\000a\000t\000z\000e\000s\000\040\000v\000o\000n\000\040\000g\000e\000n\000e\000r\000a\000t\000i\000v\000e\000r\000\040\000K\000I}{}% 58
\BOOKMARK [1][-]{section*.6}{\376\377\000A\000n\000h\000a\000n\000g}{}% 59
\BOOKMARK [2][-]{subsection.6.1}{\376\377\000\050\000!\000!\000!\000A\000L\000T\000\051\000A\000u\000f\000g\000a\000b\000e\000n\000s\000t\000e\000l\000l\000u\000n\000g\000\040\000P\000D\000F}{section*.6}% 60
\BOOKMARK [2][-]{subsection.6.2}{\376\377\000A\000n\000f\000o\000r\000d\000e\000r\000u\000n\000g\000s\000l\000i\000s\000t\000e\000\040\000P\000D\000F}{section*.6}% 61
\BOOKMARK [2][-]{subsection.6.3}{\376\377\000F\000u\000n\000k\000t\000i\000o\000n\000s\000s\000t\000r\000u\000c\000k\000t\000u\000r\000\040\000P\000D\000F}{section*.6}% 62
\BOOKMARK [1][-]{section.7}{\376\377\000Q\000u\000e\000l\000l\000e\000n}{}% 63
