This is pdfTeX, Version 3.141592653-2.6-1.40.25 (MiKTeX 24.1) (preloaded format=pdflatex 2025.11.12)  30 APR 2026 15:21
entering extended mode
 restricted \write18 enabled.
 %&-line parsing enabled.
**./Projektbericht.tex
(Projektbericht.tex
LaTeX2e <2023-11-01> patch level 1
L3 programming layer <2024-01-04>
(C:\Users\recjo\AppData\Local\Programs\MiKTeX\tex/latex/base\article.cls
Document Class: article 2023/05/17 v1.4n Standard LaTeX document class
(C:\Users\recjo\AppData\Local\Programs\MiKTeX\tex/latex/base\size10.clo
File: size10.clo 2023/05/17 v1.4n Standard LaTeX file (size option)
)
\c@part=\count187
\c@section=\count188
\c@subsection=\count189
\c@subsubsection=\count190
\c@paragraph=\count191
\c@subparagraph=\count192
\c@figure=\count193
\c@table=\count194
\abovecaptionskip=\skip48
\belowcaptionskip=\skip49
\bibindent=\dimen140
)
(C:\Users\recjo\AppData\Local\Programs\MiKTeX\tex/generic/babel\babel.sty
Package: babel 2024/01/07 v24.1 The Babel package
\babel@savecnt=\count195
\U@D=\dimen141
\l@unhyphenated=\language79

(C:\Users\recjo\AppData\Local\Programs\MiKTeX\tex/generic/babel\txtbabel.def)
\bbl@readstream=\read2
\bbl@dirlevel=\count196

*************************************
* Local config file bblopts.cfg used
*
(C:\Users\recjo\AppData\Local\Programs\MiKTeX\tex/latex/arabi\bblopts.cfg
File: bblopts.cfg 2005/09/08 v0.1 add Arabic and Farsi to "declared" options of
 babel
)
(C:\Users\recjo\AppData\Local\Programs\MiKTeX\tex/latex/babel-german\ngerman.ld
f
Language: ngerman 2024/12/10 v2.15 German support for babel (post-1996 orthogra
phy)

(C:\Users\recjo\AppData\Local\Programs\MiKTeX\tex/latex/babel-german\ngermanb.l
df
Language: ngermanb 2024/12/10 v2.15 German support for babel (post-1996 orthogr
aphy)
Package babel Info: Making " an active character on input line 122.
)))
(C:\Users\recjo\AppData\Local\Programs\MiKTeX\tex/generic/babel/locale/de\babel
-ngerman.tex
Package babel Info: Importing font and identification data for ngerman
(babel)             from babel-de.ini. Reported on input line 11.
)
(C:\Users\recjo\AppData\Local\Programs\MiKTeX\tex/latex/base\fontenc.sty
Package: fontenc 2021/04/29 v2.0v Standard LaTeX package
)
(C:\Users\recjo\AppData\Local\Programs\MiKTeX\tex/latex/amsmath\amsmath.sty
Package: amsmath 2023/05/13 v2.17o AMS math features
\@mathmargin=\skip50

For additional information on amsmath, use the `?' option.
(C:\Users\recjo\AppData\Local\Programs\MiKTeX\tex/latex/amsmath\amstext.sty
Package: amstext 2021/08/26 v2.01 AMS text

(C:\Users\recjo\AppData\Local\Programs\MiKTeX\tex/latex/amsmath\amsgen.sty
File: amsgen.sty 1999/11/30 v2.0 generic functions
\@emptytoks=\toks17
\ex@=\dimen142
))
(C:\Users\recjo\AppData\Local\Programs\MiKTeX\tex/latex/amsmath\amsbsy.sty
Package: amsbsy 1999/11/29 v1.2d Bold Symbols
\pmbraise@=\dimen143
)
(C:\Users\recjo\AppData\Local\Programs\MiKTeX\tex/latex/amsmath\amsopn.sty
Package: amsopn 2022/04/08 v2.04 operator names
)
\inf@bad=\count197
LaTeX Info: Redefining \frac on input line 234.
\uproot@=\count198
\leftroot@=\count199
LaTeX Info: Redefining \overline on input line 399.
LaTeX Info: Redefining \colon on input line 410.
\classnum@=\count266
\DOTSCASE@=\count267
LaTeX Info: Redefining \ldots on input line 496.
LaTeX Info: Redefining \dots on input line 499.
LaTeX Info: Redefining \cdots on input line 620.
\Mathstrutbox@=\box51
\strutbox@=\box52
LaTeX Info: Redefining \big on input line 722.
LaTeX Info: Redefining \Big on input line 723.
LaTeX Info: Redefining \bigg on input line 724.
LaTeX Info: Redefining \Bigg on input line 725.
\big@size=\dimen144
LaTeX Font Info:    Redeclaring font encoding OML on input line 743.
LaTeX Font Info:    Redeclaring font encoding OMS on input line 744.
\macc@depth=\count268
LaTeX Info: Redefining \bmod on input line 905.
LaTeX Info: Redefining \pmod on input line 910.
LaTeX Info: Redefining \smash on input line 940.
LaTeX Info: Redefining \relbar on input line 970.
LaTeX Info: Redefining \Relbar on input line 971.
\c@MaxMatrixCols=\count269
\dotsspace@=\muskip16
\c@parentequation=\count270
\dspbrk@lvl=\count271
\tag@help=\toks18
\row@=\count272
\column@=\count273
\maxfields@=\count274
\andhelp@=\toks19
\eqnshift@=\dimen145
\alignsep@=\dimen146
\tagshift@=\dimen147
\tagwidth@=\dimen148
\totwidth@=\dimen149
\lineht@=\dimen150
\@envbody=\toks20
\multlinegap=\skip51
\multlinetaggap=\skip52
\mathdisplay@stack=\toks21
LaTeX Info: Redefining \[ on input line 2953.
LaTeX Info: Redefining \] on input line 2954.
)
(C:\Users\recjo\AppData\Local\Programs\MiKTeX\tex/latex/amsfonts\amssymb.sty
Package: amssymb 2013/01/14 v3.01 AMS font symbols

(C:\Users\recjo\AppData\Local\Programs\MiKTeX\tex/latex/amsfonts\amsfonts.sty
Package: amsfonts 2013/01/14 v3.01 Basic AMSFonts support
\symAMSa=\mathgroup4
\symAMSb=\mathgroup5
LaTeX Font Info:    Redeclaring math symbol \hbar on input line 98.
LaTeX Font Info:    Overwriting math alphabet `\mathfrak' in version `bold'
(Font)                  U/euf/m/n --> U/euf/b/n on input line 106.
)) (C:\Users\recjo\AppData\Local\Programs\MiKTeX\tex/latex/braket\braket.sty)
(C:\Users\recjo\AppData\Local\Programs\MiKTeX\tex/latex/graphics\graphicx.sty
Package: graphicx 2021/09/16 v1.2d Enhanced LaTeX Graphics (DPC,SPQR)

(C:\Users\recjo\AppData\Local\Programs\MiKTeX\tex/latex/graphics\keyval.sty
Package: keyval 2022/05/29 v1.15 key=value parser (DPC)
\KV@toks@=\toks22
)
(C:\Users\recjo\AppData\Local\Programs\MiKTeX\tex/latex/graphics\graphics.sty
Package: graphics 2022/03/10 v1.4e Standard LaTeX Graphics (DPC,SPQR)

(C:\Users\recjo\AppData\Local\Programs\MiKTeX\tex/latex/graphics\trig.sty
Package: trig 2021/08/11 v1.11 sin cos tan (DPC)
)
(C:\Users\recjo\AppData\Local\Programs\MiKTeX\tex/latex/graphics-cfg\graphics.c
fg
File: graphics.cfg 2016/06/04 v1.11 sample graphics configuration
)
Package graphics Info: Driver file: pdftex.def on input line 107.

(C:\Users\recjo\AppData\Local\Programs\MiKTeX\tex/latex/graphics-def\pdftex.def
File: pdftex.def 2022/09/22 v1.2b Graphics/color driver for pdftex
))
\Gin@req@height=\dimen151
\Gin@req@width=\dimen152
) (C:\Users\recjo\AppData\Local\Programs\MiKTeX\tex/latex/caption\caption.sty
Package: caption 2023/08/05 v3.6o Customizing captions (AR)
(C:\Users\recjo\AppData\Local\Programs\MiKTeX\tex/latex/caption\caption3.sty
Package: caption3 2023/07/31 v2.4d caption3 kernel (AR)
\caption@tempdima=\dimen153
\captionmargin=\dimen154
\caption@leftmargin=\dimen155
\caption@rightmargin=\dimen156
\caption@width=\dimen157
\caption@indent=\dimen158
\caption@parindent=\dimen159
\caption@hangindent=\dimen160
Package caption Info: Standard document class detected.
)
\c@caption@flags=\count275
\c@continuedfloat=\count276
)
(C:\Users\recjo\AppData\Local\Programs\MiKTeX\tex/latex/xcolor\xcolor.sty
Package: xcolor 2023/11/15 v3.01 LaTeX color extensions (UK)

(C:\Users\recjo\AppData\Local\Programs\MiKTeX\tex/latex/graphics-cfg\color.cfg
File: color.cfg 2016/01/02 v1.6 sample color configuration
)
Package xcolor Info: Driver file: pdftex.def on input line 274.
(C:\Users\recjo\AppData\Local\Programs\MiKTeX\tex/latex/graphics\mathcolor.ltx)
Package xcolor Info: Model `cmy' substituted by `cmy0' on input line 1350.
Package xcolor Info: Model `hsb' substituted by `rgb' on input line 1354.
Package xcolor Info: Model `RGB' extended on input line 1366.
Package xcolor Info: Model `HTML' substituted by `rgb' on input line 1368.
Package xcolor Info: Model `Hsb' substituted by `hsb' on input line 1369.
Package xcolor Info: Model `tHsb' substituted by `hsb' on input line 1370.
Package xcolor Info: Model `HSB' substituted by `hsb' on input line 1371.
Package xcolor Info: Model `Gray' substituted by `gray' on input line 1372.
Package xcolor Info: Model `wave' substituted by `hsb' on input line 1373.
) (C:\Users\recjo\AppData\Local\Programs\MiKTeX\tex/latex/float\float.sty
Package: float 2001/11/08 v1.3d Float enhancements (AL)
\c@float@type=\count277
\float@exts=\toks23
\float@box=\box53
\@float@everytoks=\toks24
\@floatcapt=\box54
)
(C:\Users\recjo\AppData\Local\Programs\MiKTeX\tex/latex/pgf/frontendlayer\tikz.
sty
(C:\Users\recjo\AppData\Local\Programs\MiKTeX\tex/latex/pgf/basiclayer\pgf.sty
(C:\Users\recjo\AppData\Local\Programs\MiKTeX\tex/latex/pgf/utilities\pgfrcs.st
y
(C:\Users\recjo\AppData\Local\Programs\MiKTeX\tex/generic/pgf/utilities\pgfutil
-common.tex
\pgfutil@everybye=\toks25
\pgfutil@tempdima=\dimen161
\pgfutil@tempdimb=\dimen162
)
(C:\Users\recjo\AppData\Local\Programs\MiKTeX\tex/generic/pgf/utilities\pgfutil
-latex.def
\pgfutil@abb=\box55
)
(C:\Users\recjo\AppData\Local\Programs\MiKTeX\tex/generic/pgf/utilities\pgfrcs.
code.tex
(C:\Users\recjo\AppData\Local\Programs\MiKTeX\tex/generic/pgf\pgf.revision.tex)
Package: pgfrcs 2023-01-15 v3.1.10 (3.1.10)
))
Package: pgf 2023-01-15 v3.1.10 (3.1.10)

(C:\Users\recjo\AppData\Local\Programs\MiKTeX\tex/latex/pgf/basiclayer\pgfcore.
sty
(C:\Users\recjo\AppData\Local\Programs\MiKTeX\tex/latex/pgf/systemlayer\pgfsys.
sty
(C:\Users\recjo\AppData\Local\Programs\MiKTeX\tex/generic/pgf/systemlayer\pgfsy
s.code.tex
Package: pgfsys 2023-01-15 v3.1.10 (3.1.10)

(C:\Users\recjo\AppData\Local\Programs\MiKTeX\tex/generic/pgf/utilities\pgfkeys
.code.tex
\pgfkeys@pathtoks=\toks26
\pgfkeys@temptoks=\toks27

(C:\Users\recjo\AppData\Local\Programs\MiKTeX\tex/generic/pgf/utilities\pgfkeys
libraryfiltered.code.tex
\pgfkeys@tmptoks=\toks28
))
\pgf@x=\dimen163
\pgf@y=\dimen164
\pgf@xa=\dimen165
\pgf@ya=\dimen166
\pgf@xb=\dimen167
\pgf@yb=\dimen168
\pgf@xc=\dimen169
\pgf@yc=\dimen170
\pgf@xd=\dimen171
\pgf@yd=\dimen172
\w@pgf@writea=\write3
\r@pgf@reada=\read3
\c@pgf@counta=\count278
\c@pgf@countb=\count279
\c@pgf@countc=\count280
\c@pgf@countd=\count281
\t@pgf@toka=\toks29
\t@pgf@tokb=\toks30
\t@pgf@tokc=\toks31
\pgf@sys@id@count=\count282

(C:\Users\recjo\AppData\Local\Programs\MiKTeX\tex/generic/pgf/systemlayer\pgf.c
fg
File: pgf.cfg 2023-01-15 v3.1.10 (3.1.10)
)
Driver file for pgf: pgfsys-pdftex.def

(C:\Users\recjo\AppData\Local\Programs\MiKTeX\tex/generic/pgf/systemlayer\pgfsy
s-pdftex.def
File: pgfsys-pdftex.def 2023-01-15 v3.1.10 (3.1.10)

(C:\Users\recjo\AppData\Local\Programs\MiKTeX\tex/generic/pgf/systemlayer\pgfsy
s-common-pdf.def
File: pgfsys-common-pdf.def 2023-01-15 v3.1.10 (3.1.10)
)))
(C:\Users\recjo\AppData\Local\Programs\MiKTeX\tex/generic/pgf/systemlayer\pgfsy
ssoftpath.code.tex
File: pgfsyssoftpath.code.tex 2023-01-15 v3.1.10 (3.1.10)
\pgfsyssoftpath@smallbuffer@items=\count283
\pgfsyssoftpath@bigbuffer@items=\count284
)
(C:\Users\recjo\AppData\Local\Programs\MiKTeX\tex/generic/pgf/systemlayer\pgfsy
sprotocol.code.tex
File: pgfsysprotocol.code.tex 2023-01-15 v3.1.10 (3.1.10)
))
(C:\Users\recjo\AppData\Local\Programs\MiKTeX\tex/generic/pgf/basiclayer\pgfcor
e.code.tex
Package: pgfcore 2023-01-15 v3.1.10 (3.1.10)

(C:\Users\recjo\AppData\Local\Programs\MiKTeX\tex/generic/pgf/math\pgfmath.code
.tex
(C:\Users\recjo\AppData\Local\Programs\MiKTeX\tex/generic/pgf/math\pgfmathutil.
code.tex)
(C:\Users\recjo\AppData\Local\Programs\MiKTeX\tex/generic/pgf/math\pgfmathparse
r.code.tex
\pgfmath@dimen=\dimen173
\pgfmath@count=\count285
\pgfmath@box=\box56
\pgfmath@toks=\toks32
\pgfmath@stack@operand=\toks33
\pgfmath@stack@operation=\toks34
)
(C:\Users\recjo\AppData\Local\Programs\MiKTeX\tex/generic/pgf/math\pgfmathfunct
ions.code.tex)
(C:\Users\recjo\AppData\Local\Programs\MiKTeX\tex/generic/pgf/math\pgfmathfunct
ions.basic.code.tex)
(C:\Users\recjo\AppData\Local\Programs\MiKTeX\tex/generic/pgf/math\pgfmathfunct
ions.trigonometric.code.tex)
(C:\Users\recjo\AppData\Local\Programs\MiKTeX\tex/generic/pgf/math\pgfmathfunct
ions.random.code.tex)
(C:\Users\recjo\AppData\Local\Programs\MiKTeX\tex/generic/pgf/math\pgfmathfunct
ions.comparison.code.tex)
(C:\Users\recjo\AppData\Local\Programs\MiKTeX\tex/generic/pgf/math\pgfmathfunct
ions.base.code.tex)
(C:\Users\recjo\AppData\Local\Programs\MiKTeX\tex/generic/pgf/math\pgfmathfunct
ions.round.code.tex)
(C:\Users\recjo\AppData\Local\Programs\MiKTeX\tex/generic/pgf/math\pgfmathfunct
ions.misc.code.tex)
(C:\Users\recjo\AppData\Local\Programs\MiKTeX\tex/generic/pgf/math\pgfmathfunct
ions.integerarithmetics.code.tex)
(C:\Users\recjo\AppData\Local\Programs\MiKTeX\tex/generic/pgf/math\pgfmathcalc.
code.tex)
(C:\Users\recjo\AppData\Local\Programs\MiKTeX\tex/generic/pgf/math\pgfmathfloat
.code.tex
\c@pgfmathroundto@lastzeros=\count286
))
(C:\Users\recjo\AppData\Local\Programs\MiKTeX\tex/generic/pgf/math\pgfint.code.
tex)
(C:\Users\recjo\AppData\Local\Programs\MiKTeX\tex/generic/pgf/basiclayer\pgfcor
epoints.code.tex
File: pgfcorepoints.code.tex 2023-01-15 v3.1.10 (3.1.10)
\pgf@picminx=\dimen174
\pgf@picmaxx=\dimen175
\pgf@picminy=\dimen176
\pgf@picmaxy=\dimen177
\pgf@pathminx=\dimen178
\pgf@pathmaxx=\dimen179
\pgf@pathminy=\dimen180
\pgf@pathmaxy=\dimen181
\pgf@xx=\dimen182
\pgf@xy=\dimen183
\pgf@yx=\dimen184
\pgf@yy=\dimen185
\pgf@zx=\dimen186
\pgf@zy=\dimen187
)
(C:\Users\recjo\AppData\Local\Programs\MiKTeX\tex/generic/pgf/basiclayer\pgfcor
epathconstruct.code.tex
File: pgfcorepathconstruct.code.tex 2023-01-15 v3.1.10 (3.1.10)
\pgf@path@lastx=\dimen188
\pgf@path@lasty=\dimen189
)
(C:\Users\recjo\AppData\Local\Programs\MiKTeX\tex/generic/pgf/basiclayer\pgfcor
epathusage.code.tex
File: pgfcorepathusage.code.tex 2023-01-15 v3.1.10 (3.1.10)
\pgf@shorten@end@additional=\dimen190
\pgf@shorten@start@additional=\dimen191
)
(C:\Users\recjo\AppData\Local\Programs\MiKTeX\tex/generic/pgf/basiclayer\pgfcor
escopes.code.tex
File: pgfcorescopes.code.tex 2023-01-15 v3.1.10 (3.1.10)
\pgfpic=\box57
\pgf@hbox=\box58
\pgf@layerbox@main=\box59
\pgf@picture@serial@count=\count287
)
(C:\Users\recjo\AppData\Local\Programs\MiKTeX\tex/generic/pgf/basiclayer\pgfcor
egraphicstate.code.tex
File: pgfcoregraphicstate.code.tex 2023-01-15 v3.1.10 (3.1.10)
\pgflinewidth=\dimen192
)
(C:\Users\recjo\AppData\Local\Programs\MiKTeX\tex/generic/pgf/basiclayer\pgfcor
etransformations.code.tex
File: pgfcoretransformations.code.tex 2023-01-15 v3.1.10 (3.1.10)
\pgf@pt@x=\dimen193
\pgf@pt@y=\dimen194
\pgf@pt@temp=\dimen195
)
(C:\Users\recjo\AppData\Local\Programs\MiKTeX\tex/generic/pgf/basiclayer\pgfcor
equick.code.tex
File: pgfcorequick.code.tex 2023-01-15 v3.1.10 (3.1.10)
)
(C:\Users\recjo\AppData\Local\Programs\MiKTeX\tex/generic/pgf/basiclayer\pgfcor
eobjects.code.tex
File: pgfcoreobjects.code.tex 2023-01-15 v3.1.10 (3.1.10)
)
(C:\Users\recjo\AppData\Local\Programs\MiKTeX\tex/generic/pgf/basiclayer\pgfcor
epathprocessing.code.tex
File: pgfcorepathprocessing.code.tex 2023-01-15 v3.1.10 (3.1.10)
)
(C:\Users\recjo\AppData\Local\Programs\MiKTeX\tex/generic/pgf/basiclayer\pgfcor
earrows.code.tex
File: pgfcorearrows.code.tex 2023-01-15 v3.1.10 (3.1.10)
\pgfarrowsep=\dimen196
)
(C:\Users\recjo\AppData\Local\Programs\MiKTeX\tex/generic/pgf/basiclayer\pgfcor
eshade.code.tex
File: pgfcoreshade.code.tex 2023-01-15 v3.1.10 (3.1.10)
\pgf@max=\dimen197
\pgf@sys@shading@range@num=\count288
\pgf@shadingcount=\count289
)
(C:\Users\recjo\AppData\Local\Programs\MiKTeX\tex/generic/pgf/basiclayer\pgfcor
eimage.code.tex
File: pgfcoreimage.code.tex 2023-01-15 v3.1.10 (3.1.10)
)
(C:\Users\recjo\AppData\Local\Programs\MiKTeX\tex/generic/pgf/basiclayer\pgfcor
eexternal.code.tex
File: pgfcoreexternal.code.tex 2023-01-15 v3.1.10 (3.1.10)
\pgfexternal@startupbox=\box60
)
(C:\Users\recjo\AppData\Local\Programs\MiKTeX\tex/generic/pgf/basiclayer\pgfcor
elayers.code.tex
File: pgfcorelayers.code.tex 2023-01-15 v3.1.10 (3.1.10)
)
(C:\Users\recjo\AppData\Local\Programs\MiKTeX\tex/generic/pgf/basiclayer\pgfcor
etransparency.code.tex
File: pgfcoretransparency.code.tex 2023-01-15 v3.1.10 (3.1.10)
)
(C:\Users\recjo\AppData\Local\Programs\MiKTeX\tex/generic/pgf/basiclayer\pgfcor
epatterns.code.tex
File: pgfcorepatterns.code.tex 2023-01-15 v3.1.10 (3.1.10)
)
(C:\Users\recjo\AppData\Local\Programs\MiKTeX\tex/generic/pgf/basiclayer\pgfcor
erdf.code.tex
File: pgfcorerdf.code.tex 2023-01-15 v3.1.10 (3.1.10)
)))
(C:\Users\recjo\AppData\Local\Programs\MiKTeX\tex/generic/pgf/modules\pgfmodule
shapes.code.tex
File: pgfmoduleshapes.code.tex 2023-01-15 v3.1.10 (3.1.10)
\pgfnodeparttextbox=\box61
)
(C:\Users\recjo\AppData\Local\Programs\MiKTeX\tex/generic/pgf/modules\pgfmodule
plot.code.tex
File: pgfmoduleplot.code.tex 2023-01-15 v3.1.10 (3.1.10)
)
(C:\Users\recjo\AppData\Local\Programs\MiKTeX\tex/latex/pgf/compatibility\pgfco
mp-version-0-65.sty
Package: pgfcomp-version-0-65 2023-01-15 v3.1.10 (3.1.10)
\pgf@nodesepstart=\dimen198
\pgf@nodesepend=\dimen199
)
(C:\Users\recjo\AppData\Local\Programs\MiKTeX\tex/latex/pgf/compatibility\pgfco
mp-version-1-18.sty
Package: pgfcomp-version-1-18 2023-01-15 v3.1.10 (3.1.10)
))
(C:\Users\recjo\AppData\Local\Programs\MiKTeX\tex/latex/pgf/utilities\pgffor.st
y
(C:\Users\recjo\AppData\Local\Programs\MiKTeX\tex/latex/pgf/utilities\pgfkeys.s
ty
(C:\Users\recjo\AppData\Local\Programs\MiKTeX\tex/generic/pgf/utilities\pgfkeys
.code.tex))
(C:\Users\recjo\AppData\Local\Programs\MiKTeX\tex/latex/pgf/math\pgfmath.sty
(C:\Users\recjo\AppData\Local\Programs\MiKTeX\tex/generic/pgf/math\pgfmath.code
.tex))
(C:\Users\recjo\AppData\Local\Programs\MiKTeX\tex/generic/pgf/utilities\pgffor.
code.tex
Package: pgffor 2023-01-15 v3.1.10 (3.1.10)
\pgffor@iter=\dimen256
\pgffor@skip=\dimen257
\pgffor@stack=\toks35
\pgffor@toks=\toks36
))
(C:\Users\recjo\AppData\Local\Programs\MiKTeX\tex/generic/pgf/frontendlayer/tik
z\tikz.code.tex
Package: tikz 2023-01-15 v3.1.10 (3.1.10)

(C:\Users\recjo\AppData\Local\Programs\MiKTeX\tex/generic/pgf/libraries\pgflibr
aryplothandlers.code.tex
File: pgflibraryplothandlers.code.tex 2023-01-15 v3.1.10 (3.1.10)
\pgf@plot@mark@count=\count290
\pgfplotmarksize=\dimen258
)
\tikz@lastx=\dimen259
\tikz@lasty=\dimen260
\tikz@lastxsaved=\dimen261
\tikz@lastysaved=\dimen262
\tikz@lastmovetox=\dimen263
\tikz@lastmovetoy=\dimen264
\tikzleveldistance=\dimen265
\tikzsiblingdistance=\dimen266
\tikz@figbox=\box62
\tikz@figbox@bg=\box63
\tikz@tempbox=\box64
\tikz@tempbox@bg=\box65
\tikztreelevel=\count291
\tikznumberofchildren=\count292
\tikznumberofcurrentchild=\count293
\tikz@fig@count=\count294

(C:\Users\recjo\AppData\Local\Programs\MiKTeX\tex/generic/pgf/modules\pgfmodule
matrix.code.tex
File: pgfmodulematrix.code.tex 2023-01-15 v3.1.10 (3.1.10)
\pgfmatrixcurrentrow=\count295
\pgfmatrixcurrentcolumn=\count296
\pgf@matrix@numberofcolumns=\count297
)
\tikz@expandcount=\count298

(C:\Users\recjo\AppData\Local\Programs\MiKTeX\tex/generic/pgf/frontendlayer/tik
z/libraries\tikzlibrarytopaths.code.tex
File: tikzlibrarytopaths.code.tex 2023-01-15 v3.1.10 (3.1.10)
)))
(C:\Users\recjo\AppData\Local\Programs\MiKTeX\tex/generic/pgf/frontendlayer/tik
z/libraries\tikzlibrarypositioning.code.tex
File: tikzlibrarypositioning.code.tex 2023-01-15 v3.1.10 (3.1.10)
)
(C:\Users\recjo\AppData\Local\Programs\MiKTeX\tex/latex/tools\tabularx.sty
Package: tabularx 2023/07/08 v2.11c `tabularx' package (DPC)

(C:\Users\recjo\AppData\Local\Programs\MiKTeX\tex/latex/tools\array.sty
Package: array 2023/10/16 v2.5g Tabular extension package (FMi)
\col@sep=\dimen267
\ar@mcellbox=\box66
\extrarowheight=\dimen268
\NC@list=\toks37
\extratabsurround=\skip53
\backup@length=\skip54
\ar@cellbox=\box67
)
\TX@col@width=\dimen269
\TX@old@table=\dimen270
\TX@old@col=\dimen271
\TX@target=\dimen272
\TX@delta=\dimen273
\TX@cols=\count299
\TX@ftn=\toks38
)
(C:\Users\recjo\AppData\Local\Programs\MiKTeX\tex/latex/pdfpages\pdfpages.sty
Package: pdfpages 2025/07/23 v0.6g Insert pages of external PDF documents (AM)

(C:\Users\recjo\AppData\Local\Programs\MiKTeX\tex/latex/base\ifthen.sty
Package: ifthen 2022/04/13 v1.1d Standard LaTeX ifthen package (DPC)
)
(C:\Users\recjo\AppData\Local\Programs\MiKTeX\tex/latex/tools\calc.sty
Package: calc 2023/07/08 v4.3 Infix arithmetic (KKT,FJ)
\calc@Acount=\count300
\calc@Bcount=\count301
\calc@Adimen=\dimen274
\calc@Bdimen=\dimen275
\calc@Askip=\skip55
\calc@Bskip=\skip56
LaTeX Info: Redefining \setlength on input line 80.
LaTeX Info: Redefining \addtolength on input line 81.
\calc@Ccount=\count302
\calc@Cskip=\skip57
)
(C:\Users\recjo\AppData\Local\Programs\MiKTeX\tex/latex/eso-pic\eso-pic.sty
Package: eso-pic 2025/12/10 v3.0d eso-pic (RN)
\ESO@tempdima=\dimen276
\ESO@tempdimb=\dimen277
)
(C:\Users\recjo\AppData\Local\Programs\MiKTeX\tex/latex/etoolbox\etoolbox.sty
Package: etoolbox 2020/10/05 v2.5k e-TeX tools for LaTeX (JAW)
\etb@tempcnta=\count303
)
\AM@pagewidth=\dimen278
\AM@pageheight=\dimen279
\AM@fboxrule=\dimen280

(C:\Users\recjo\AppData\Local\Programs\MiKTeX\tex/latex/pdfpages\pppdftex.def
File: pppdftex.def 2025/07/23 v0.6g Pdfpages driver for pdfTeX (AM)
)
\pdfpages@includegraphics@status=\count304
\AM@pagebox=\box68
\AM@global@opts=\toks39
\AM@pagecnt=\count305
\AM@toc@title=\toks40
\AM@lof@heading=\toks41
\c@AM@survey=\count306
\AM@templatesizebox=\box69
) (C:\Users\recjo\AppData\Local\Programs\MiKTeX\tex/latex/biblatex\biblatex.sty
Package: biblatex 2023/03/05 v3.19 programmable bibliographies (PK/MW)

(C:\Users\recjo\AppData\Local\Programs\MiKTeX\tex/generic/pdftexcmds\pdftexcmds
.sty
Package: pdftexcmds 2020-06-27 v0.33 Utility functions of pdfTeX for LuaTeX (HO
)

(C:\Users\recjo\AppData\Local\Programs\MiKTeX\tex/generic/infwarerr\infwarerr.s
ty
Package: infwarerr 2019/12/03 v1.5 Providing info/warning/error messages (HO)
) (C:\Users\recjo\AppData\Local\Programs\MiKTeX\tex/generic/iftex\iftex.sty
Package: iftex 2022/02/03 v1.0f TeX engine tests
)
(C:\Users\recjo\AppData\Local\Programs\MiKTeX\tex/generic/ltxcmds\ltxcmds.sty
Package: ltxcmds 2023-12-04 v1.26 LaTeX kernel commands for general use (HO)
)
Package pdftexcmds Info: \pdf@primitive is available.
Package pdftexcmds Info: \pdf@ifprimitive is available.
Package pdftexcmds Info: \pdfdraftmode found.
)
(C:\Users\recjo\AppData\Local\Programs\MiKTeX\tex/latex/kvoptions\kvoptions.sty
Package: kvoptions 2022-06-15 v3.15 Key value format for package options (HO)

(C:\Users\recjo\AppData\Local\Programs\MiKTeX\tex/latex/kvsetkeys\kvsetkeys.sty
Package: kvsetkeys 2022-10-05 v1.19 Key value parser (HO)
)) (C:\Users\recjo\AppData\Local\Programs\MiKTeX\tex/latex/logreq\logreq.sty
Package: logreq 2010/08/04 v1.0 xml request logger
\lrq@indent=\count307

(C:\Users\recjo\AppData\Local\Programs\MiKTeX\tex/latex/logreq\logreq.def
File: logreq.def 2010/08/04 v1.0 logreq spec v1.0
))
(C:\Users\recjo\AppData\Local\Programs\MiKTeX\tex/latex/url\url.sty
\Urlmuskip=\muskip17
Package: url 2013/09/16  ver 3.4  Verb mode for urls, etc.
)
\c@tabx@nest=\count308
\c@listtotal=\count309
\c@listcount=\count310
\c@liststart=\count311
\c@liststop=\count312
\c@citecount=\count313
\c@citetotal=\count314
\c@multicitecount=\count315
\c@multicitetotal=\count316
\c@instcount=\count317
\c@maxnames=\count318
\c@minnames=\count319
\c@maxitems=\count320
\c@minitems=\count321
\c@citecounter=\count322
\c@maxcitecounter=\count323
\c@savedcitecounter=\count324
\c@uniquelist=\count325
\c@uniquename=\count326
\c@refsection=\count327
\c@refsegment=\count328
\c@maxextratitle=\count329
\c@maxextratitleyear=\count330
\c@maxextraname=\count331
\c@maxextradate=\count332
\c@maxextraalpha=\count333
\c@abbrvpenalty=\count334
\c@highnamepenalty=\count335
\c@lownamepenalty=\count336
\c@maxparens=\count337
\c@parenlevel=\count338
\blx@tempcnta=\count339
\blx@tempcntb=\count340
\blx@tempcntc=\count341
\c@blx@maxsection=\count342
\blx@maxsegment@0=\count343
\blx@notetype=\count344
\blx@parenlevel@text=\count345
\blx@parenlevel@foot=\count346
\blx@sectionciteorder@0=\count347
\blx@sectionciteorderinternal@0=\count348
\blx@entrysetcounter=\count349
\blx@biblioinstance=\count350
\labelnumberwidth=\skip58
\labelalphawidth=\skip59
\biblabelsep=\skip60
\bibitemsep=\skip61
\bibnamesep=\skip62
\bibinitsep=\skip63
\bibparsep=\skip64
\bibhang=\skip65
\blx@bcfin=\read4
\blx@bcfout=\write4
\blx@langwohyphens=\language80
\c@mincomprange=\count351
\c@maxcomprange=\count352
\c@mincompwidth=\count353
Package biblatex Info: Trying to load biblatex default data model...
Package biblatex Info: ... file 'blx-dm.def' found.

(C:\Users\recjo\AppData\Local\Programs\MiKTeX\tex/latex/biblatex\blx-dm.def
File: blx-dm.def 2023/03/05 v3.19 biblatex localization (PK/MW)
)
Package biblatex Info: Trying to load biblatex custom data model...
Package biblatex Info: ... file 'biblatex-dm.cfg' not found.
\c@afterword=\count354
\c@savedafterword=\count355
\c@annotator=\count356
\c@savedannotator=\count357
\c@author=\count358
\c@savedauthor=\count359
\c@bookauthor=\count360
\c@savedbookauthor=\count361
\c@commentator=\count362
\c@savedcommentator=\count363
\c@editor=\count364
\c@savededitor=\count365
\c@editora=\count366
\c@savededitora=\count367
\c@editorb=\count368
\c@savededitorb=\count369
\c@editorc=\count370
\c@savededitorc=\count371
\c@foreword=\count372
\c@savedforeword=\count373
\c@holder=\count374
\c@savedholder=\count375
\c@introduction=\count376
\c@savedintroduction=\count377
\c@namea=\count378
\c@savednamea=\count379
\c@nameb=\count380
\c@savednameb=\count381
\c@namec=\count382
\c@savednamec=\count383
\c@translator=\count384
\c@savedtranslator=\count385
\c@shortauthor=\count386
\c@savedshortauthor=\count387
\c@shorteditor=\count388
\c@savedshorteditor=\count389
\c@labelname=\count390
\c@savedlabelname=\count391
\c@institution=\count392
\c@savedinstitution=\count393
\c@lista=\count394
\c@savedlista=\count395
\c@listb=\count396
\c@savedlistb=\count397
\c@listc=\count398
\c@savedlistc=\count399
\c@listd=\count400
\c@savedlistd=\count401
\c@liste=\count402
\c@savedliste=\count403
\c@listf=\count404
\c@savedlistf=\count405
\c@location=\count406
\c@savedlocation=\count407
\c@organization=\count408
\c@savedorganization=\count409
\c@origlocation=\count410
\c@savedoriglocation=\count411
\c@origpublisher=\count412
\c@savedorigpublisher=\count413
\c@publisher=\count414
\c@savedpublisher=\count415
\c@language=\count416
\c@savedlanguage=\count417
\c@origlanguage=\count418
\c@savedoriglanguage=\count419
\c@pageref=\count420
\c@savedpageref=\count421
\shorthandwidth=\skip66
\shortjournalwidth=\skip67
\shortserieswidth=\skip68
\shorttitlewidth=\skip69
\shortauthorwidth=\skip70
\shorteditorwidth=\skip71
\locallabelnumberwidth=\skip72
\locallabelalphawidth=\skip73
\localshorthandwidth=\skip74
\localshortjournalwidth=\skip75
\localshortserieswidth=\skip76
\localshorttitlewidth=\skip77
\localshortauthorwidth=\skip78
\localshorteditorwidth=\skip79
Package biblatex Info: Trying to load compatibility code...
Package biblatex Info: ... file 'blx-compat.def' found.

(C:\Users\recjo\AppData\Local\Programs\MiKTeX\tex/latex/biblatex\blx-compat.def
File: blx-compat.def 2023/03/05 v3.19 biblatex compatibility (PK/MW)
)
Package biblatex Info: Trying to load generic definitions...
Package biblatex Info: ... file 'biblatex.def' found.
 (C:\Users\recjo\AppData\Local\Programs\MiKTeX\tex/latex/biblatex\biblatex.def
File: biblatex.def 2023/03/05 v3.19 biblatex compatibility (PK/MW)
\c@textcitecount=\count422
\c@textcitetotal=\count423
\c@textcitemaxnames=\count424
\c@biburlbigbreakpenalty=\count425
\c@biburlbreakpenalty=\count426
\c@biburlnumpenalty=\count427
\c@biburlucpenalty=\count428
\c@biburllcpenalty=\count429
\biburlbigskip=\muskip18
\biburlnumskip=\muskip19
\biburlucskip=\muskip20
\biburllcskip=\muskip21
\c@smartand=\count430
)
Package biblatex Info: Trying to load bibliography style 'numeric'...
Package biblatex Info: ... file 'numeric.bbx' found.

(C:\Users\recjo\AppData\Local\Programs\MiKTeX\tex/latex/biblatex/bbx\numeric.bb
x
File: numeric.bbx 2023/03/05 v3.19 biblatex bibliography style (PK/MW)
Package biblatex Info: Trying to load bibliography style 'standard'...
Package biblatex Info: ... file 'standard.bbx' found.

(C:\Users\recjo\AppData\Local\Programs\MiKTeX\tex/latex/biblatex/bbx\standard.b
bx
File: standard.bbx 2023/03/05 v3.19 biblatex bibliography style (PK/MW)
\c@bbx:relatedcount=\count431
\c@bbx:relatedtotal=\count432
))
Package biblatex Info: Trying to load citation style 'numeric'...
Package biblatex Info: ... file 'numeric.cbx' found.

(C:\Users\recjo\AppData\Local\Programs\MiKTeX\tex/latex/biblatex/cbx\numeric.cb
x
File: numeric.cbx 2023/03/05 v3.19 biblatex citation style (PK/MW)
Package biblatex Info: Redefining '\cite'.
Package biblatex Info: Redefining '\parencite'.
Package biblatex Info: Redefining '\footcite'.
Package biblatex Info: Redefining '\footcitetext'.
Package biblatex Info: Redefining '\smartcite'.
Package biblatex Info: Redefining '\supercite'.
Package biblatex Info: Redefining '\textcite'.
Package biblatex Info: Redefining '\textcites'.
Package biblatex Info: Redefining '\cites'.
Package biblatex Info: Redefining '\parencites'.
Package biblatex Info: Redefining '\smartcites'.
)
Package biblatex Info: Trying to load configuration file...
Package biblatex Info: ... file 'biblatex.cfg' found.

(C:\Users\recjo\AppData\Local\Programs\MiKTeX\tex/latex/biblatex\biblatex.cfg
File: biblatex.cfg 
)
Package biblatex Info: Input encoding 'utf8' detected.
Package biblatex Info: Document encoding is UTF8 ....

(C:\Users\recjo\AppData\Local\Programs\MiKTeX\tex/latex/l3kernel\expl3.sty
Package: expl3 2024-01-04 L3 programming layer (loader) 

(C:\Users\recjo\AppData\Local\Programs\MiKTeX\tex/latex/l3backend\l3backend-pdf
tex.def
File: l3backend-pdftex.def 2024-01-04 L3 backend support: PDF output (pdfTeX)
\l__color_backend_stack_int=\count433
\l__pdf_internal_box=\box70
))
Package biblatex Info: ... and expl3
(biblatex)             2024-01-04 L3 programming layer (loader) 
(biblatex)             is new enough (at least 2020/04/06),
(biblatex)             setting 'casechanger=expl3'.

(C:\Users\recjo\AppData\Local\Programs\MiKTeX\tex/latex/biblatex\blx-case-expl3
.sty
(C:\Users\recjo\AppData\Local\Programs\MiKTeX\tex/latex/l3packages/xparse\xpars
e.sty
Package: xparse 2023-10-10 L3 Experimental document command parser
)
Package: blx-case-expl3 2023/03/05 v3.19 expl3 case changing code for biblatex
))
(C:\Users\recjo\AppData\Local\Programs\MiKTeX\tex/latex/hyperref\hyperref.sty
Package: hyperref 2023-11-26 v7.01g Hypertext links for LaTeX

(C:\Users\recjo\AppData\Local\Programs\MiKTeX\tex/generic/kvdefinekeys\kvdefine
keys.sty
Package: kvdefinekeys 2019-12-19 v1.6 Define keys (HO)
)
(C:\Users\recjo\AppData\Local\Programs\MiKTeX\tex/generic/pdfescape\pdfescape.s
ty
Package: pdfescape 2019/12/09 v1.15 Implements pdfTeX's escape features (HO)
) (C:\Users\recjo\AppData\Local\Programs\MiKTeX\tex/latex/hycolor\hycolor.sty
Package: hycolor 2020-01-27 v1.10 Color options for hyperref/bookmark (HO)
)
(C:\Users\recjo\AppData\Local\Programs\MiKTeX\tex/latex/letltxmacro\letltxmacro
.sty
Package: letltxmacro 2019/12/03 v1.6 Let assignment for LaTeX macros (HO)
)
(C:\Users\recjo\AppData\Local\Programs\MiKTeX\tex/latex/auxhook\auxhook.sty
Package: auxhook 2019-12-17 v1.6 Hooks for auxiliary files (HO)
)
(C:\Users\recjo\AppData\Local\Programs\MiKTeX\tex/latex/hyperref\nameref.sty
Package: nameref 2023-11-26 v2.56 Cross-referencing by name of section

(C:\Users\recjo\AppData\Local\Programs\MiKTeX\tex/latex/refcount\refcount.sty
Package: refcount 2019/12/15 v3.6 Data extraction from label references (HO)
)
(C:\Users\recjo\AppData\Local\Programs\MiKTeX\tex/generic/gettitlestring\gettit
lestring.sty
Package: gettitlestring 2019/12/15 v1.6 Cleanup title references (HO)
)
\c@section@level=\count434
)
\@linkdim=\dimen281
\Hy@linkcounter=\count435
\Hy@pagecounter=\count436

(C:\Users\recjo\AppData\Local\Programs\MiKTeX\tex/latex/hyperref\pd1enc.def
File: pd1enc.def 2023-11-26 v7.01g Hyperref: PDFDocEncoding definition (HO)
Now handling font encoding PD1 ...
... no UTF-8 mapping file for font encoding PD1
)
(C:\Users\recjo\AppData\Local\Programs\MiKTeX\tex/generic/intcalc\intcalc.sty
Package: intcalc 2019/12/15 v1.3 Expandable calculations with integers (HO)
)
\Hy@SavedSpaceFactor=\count437

(C:\Users\recjo\AppData\Local\Programs\MiKTeX\tex/latex/hyperref\puenc.def
File: puenc.def 2023-11-26 v7.01g Hyperref: PDF Unicode definition (HO)
Now handling font encoding PU ...
... no UTF-8 mapping file for font encoding PU
)
Package hyperref Info: Option `colorlinks' set `true' on input line 4064.
Package hyperref Info: Hyper figures OFF on input line 4181.
Package hyperref Info: Link nesting OFF on input line 4186.
Package hyperref Info: Hyper index ON on input line 4189.
Package hyperref Info: Plain pages OFF on input line 4196.
Package hyperref Info: Backreferencing OFF on input line 4201.
Package hyperref Info: Implicit mode ON; LaTeX internals redefined.
Package hyperref Info: Bookmarks ON on input line 4448.
\c@Hy@tempcnt=\count438
LaTeX Info: Redefining \url on input line 4786.
\XeTeXLinkMargin=\dimen282

(C:\Users\recjo\AppData\Local\Programs\MiKTeX\tex/generic/bitset\bitset.sty
Package: bitset 2019/12/09 v1.3 Handle bit-vector datatype (HO)

(C:\Users\recjo\AppData\Local\Programs\MiKTeX\tex/generic/bigintcalc\bigintcalc
.sty
Package: bigintcalc 2019/12/15 v1.5 Expandable calculations on big integers (HO
)
))
\Fld@menulength=\count439
\Field@Width=\dimen283
\Fld@charsize=\dimen284
Package hyperref Info: Hyper figures OFF on input line 6065.
Package hyperref Info: Link nesting OFF on input line 6070.
Package hyperref Info: Hyper index ON on input line 6073.
Package hyperref Info: backreferencing OFF on input line 6080.
Package hyperref Info: Link coloring ON on input line 6083.
Package hyperref Info: Link coloring with OCG OFF on input line 6090.
Package hyperref Info: PDF/A mode OFF on input line 6095.

(C:\Users\recjo\AppData\Local\Programs\MiKTeX\tex/latex/base\atbegshi-ltx.sty
Package: atbegshi-ltx 2021/01/10 v1.0c Emulation of the original atbegshi
package with kernel methods
)
\Hy@abspage=\count440
\c@Item=\count441
\c@Hfootnote=\count442
)
Package hyperref Info: Driver (autodetected): hpdftex.
(C:\Users\recjo\AppData\Local\Programs\MiKTeX\tex/latex/hyperref\hpdftex.def
File: hpdftex.def 2023-11-26 v7.01g Hyperref driver for pdfTeX

(C:\Users\recjo\AppData\Local\Programs\MiKTeX\tex/latex/base\atveryend-ltx.sty
Package: atveryend-ltx 2020/08/19 v1.0a Emulation of the original atveryend pac
kage
with kernel methods
)
\Fld@listcount=\count443
\c@bookmark@seq@number=\count444

(C:\Users\recjo\AppData\Local\Programs\MiKTeX\tex/latex/rerunfilecheck\rerunfil
echeck.sty
Package: rerunfilecheck 2025-06-21 v1.11 Rerun checks for auxiliary files (HO)

(C:\Users\recjo\AppData\Local\Programs\MiKTeX\tex/generic/uniquecounter\uniquec
ounter.sty
Package: uniquecounter 2019/12/15 v1.4 Provide unlimited unique counter (HO)
)
Package uniquecounter Info: New unique counter `rerunfilecheck' on input line 2
84.
)
\Hy@SectionHShift=\skip80
)
(C:\Users\recjo\AppData\Local\Programs\MiKTeX\tex/generic/pgf/frontendlayer/tik
z/libraries\tikzlibrarymatrix.code.tex
File: tikzlibrarymatrix.code.tex 2023-01-15 v3.1.10 (3.1.10)
)
(C:\Users\recjo\AppData\Local\Programs\MiKTeX\tex/generic/pgf/frontendlayer/tik
z/libraries\tikzlibraryfit.code.tex
File: tikzlibraryfit.code.tex 2023-01-15 v3.1.10 (3.1.10)
)
(C:\Users\recjo\AppData\Local\Programs\MiKTeX\tex/generic/pgf/libraries\pgflibr
aryarrows.meta.code.tex
File: pgflibraryarrows.meta.code.tex 2023-01-15 v3.1.10 (3.1.10)
\pgfarrowinset=\dimen285
\pgfarrowlength=\dimen286
\pgfarrowwidth=\dimen287
\pgfarrowlinewidth=\dimen288
)
(C:\Users\recjo\AppData\Local\Programs\MiKTeX\tex/latex/geometry\geometry.sty
Package: geometry 2020/01/02 v5.9 Page Geometry

(C:\Users\recjo\AppData\Local\Programs\MiKTeX\tex/generic/iftex\ifvtex.sty
Package: ifvtex 2019/10/25 v1.7 ifvtex legacy package. Use iftex instead.
)
\Gm@cnth=\count445
\Gm@cntv=\count446
\c@Gm@tempcnt=\count447
\Gm@bindingoffset=\dimen289
\Gm@wd@mp=\dimen290
\Gm@odd@mp=\dimen291
\Gm@even@mp=\dimen292
\Gm@layoutwidth=\dimen293
\Gm@layoutheight=\dimen294
\Gm@layouthoffset=\dimen295
\Gm@layoutvoffset=\dimen296
\Gm@dimlist=\toks42

(C:\Users\recjo\AppData\Local\Programs\MiKTeX\tex/latex/geometry\geometry.cfg))

Package biblatex Warning: 'babel/polyglossia' detected but 'csquotes' missing.
(biblatex)                Loading 'csquotes' recommended.

\@quotelevel=\count448
\@quotereset=\count449
(Projektbericht.aux)
\openout1 = `Projektbericht.aux'.

LaTeX Font Info:    Checking defaults for OML/cmm/m/it on input line 50.
LaTeX Font Info:    ... okay on input line 50.
LaTeX Font Info:    Checking defaults for OMS/cmsy/m/n on input line 50.
LaTeX Font Info:    ... okay on input line 50.
LaTeX Font Info:    Checking defaults for OT1/cmr/m/n on input line 50.
LaTeX Font Info:    ... okay on input line 50.
LaTeX Font Info:    Checking defaults for T1/cmr/m/n on input line 50.
LaTeX Font Info:    ... okay on input line 50.
LaTeX Font Info:    Checking defaults for TS1/cmr/m/n on input line 50.
LaTeX Font Info:    ... okay on input line 50.
LaTeX Font Info:    Checking defaults for OMX/cmex/m/n on input line 50.
LaTeX Font Info:    ... okay on input line 50.
LaTeX Font Info:    Checking defaults for U/cmr/m/n on input line 50.
LaTeX Font Info:    ... okay on input line 50.
LaTeX Font Info:    Checking defaults for PD1/pdf/m/n on input line 50.
LaTeX Font Info:    ... okay on input line 50.
LaTeX Font Info:    Checking defaults for PU/pdf/m/n on input line 50.
LaTeX Font Info:    ... okay on input line 50.

(C:\Users\recjo\AppData\Local\Programs\MiKTeX\tex/context/base/mkii\supp-pdf.mk
ii
[Loading MPS to PDF converter (version 2006.09.02).]
\scratchcounter=\count450
\scratchdimen=\dimen297
\scratchbox=\box71
\nofMPsegments=\count451
\nofMParguments=\count452
\everyMPshowfont=\toks43
\MPscratchCnt=\count453
\MPscratchDim=\dimen298
\MPnumerator=\count454
\makeMPintoPDFobject=\count455
\everyMPtoPDFconversion=\toks44
)
(C:\Users\recjo\AppData\Local\Programs\MiKTeX\tex/latex/epstopdf-pkg\epstopdf-b
ase.sty
Package: epstopdf-base 2020-01-24 v2.11 Base part for package epstopdf
Package epstopdf-base Info: Redefining graphics rule for `.eps' on input line 4
85.

(C:\Users\recjo\AppData\Local\Programs\MiKTeX\tex/latex/00miktex\epstopdf-sys.c
fg
File: epstopdf-sys.cfg 2021/03/18 v2.0 Configuration of epstopdf for MiKTeX
))
Package caption Info: Begin \AtBeginDocument code.
Package caption Info: float package is loaded.
Package caption Info: hyperref package is loaded.
Package caption Info: End \AtBeginDocument code.

(C:\Users\recjo\AppData\Local\Programs\MiKTeX\tex/latex/pdflscape\pdflscape.sty
Package: pdflscape 2022-10-27 v0.13 Display of landscape pages in PDF

(C:\Users\recjo\AppData\Local\Programs\MiKTeX\tex/latex/pdflscape\pdflscape-nom
etadata.sty
Package: pdflscape-nometadata 2022-10-28 v0.13 Display of landscape pages in PD
F (HO)

(C:\Users\recjo\AppData\Local\Programs\MiKTeX\tex/latex/graphics\lscape.sty
Package: lscape 2020/05/28 v3.02 Landscape Pages (DPC)
)
Package pdflscape Info: Auto-detected driver: pdftex on input line 81.
))
Package biblatex Info: Trying to load language 'ngerman'...
Package biblatex Info: ... file 'ngerman.lbx' found.

(C:\Users\recjo\AppData\Local\Programs\MiKTeX\tex/latex/biblatex/lbx\ngerman.lb
x
File: ngerman.lbx 2023/03/05 v3.19 biblatex localization (PK/MW)
Package biblatex Info: Trying to load language 'german'...
Package biblatex Info: ... file 'german.lbx' found.

(C:\Users\recjo\AppData\Local\Programs\MiKTeX\tex/latex/biblatex/lbx\german.lbx
File: german.lbx 2023/03/05 v3.19 biblatex localization (PK/MW)
)
Package biblatex Info: Trying to load language 'german'...
Package biblatex Info: ... file 'german.lbx' found.

(C:\Users\recjo\AppData\Local\Programs\MiKTeX\tex/latex/biblatex/lbx\german.lbx
File: german.lbx 2023/03/05 v3.19 biblatex localization (PK/MW)
))
Package biblatex Info: Input encoding 'utf8' detected.
Package biblatex Info: Automatic encoding selection.
(biblatex)             Assuming data encoding 'utf8'.
\openout4 = `Projektbericht.bcf'.

Package biblatex Info: Trying to load bibliographic data...
Package biblatex Info: ... file 'Projektbericht.bbl' found.
 (Projektbericht.bbl)
Package biblatex Info: Reference section=0 on input line 50.
Package biblatex Info: Reference segment=0 on input line 50.
Package hyperref Info: Link coloring ON on input line 50.
 (Projektbericht.out) (Projektbericht.out)
\@outlinefile=\write5
\openout5 = `Projektbericht.out'.


*geometry* driver: auto-detecting
*geometry* detected driver: pdftex
*geometry* verbose mode - [ preamble ] result:
* driver: pdftex
* paper: a4paper
* layout: <same size as paper>
* layoutoffset:(h,v)=(0.0pt,0.0pt)
* modes: 
* h-part:(L,W,R)=(42.67912pt, 512.14963pt, 42.67912pt)
* v-part:(T,H,B)=(42.67912pt, 759.6886pt, 42.67912pt)
* \paperwidth=597.50787pt
* \paperheight=845.04684pt
* \textwidth=512.14963pt
* \textheight=759.6886pt
* \oddsidemargin=-29.59087pt
* \evensidemargin=-29.59087pt
* \topmargin=-66.59087pt
* \headheight=12.0pt
* \headsep=25.0pt
* \topskip=10.0pt
* \footskip=30.0pt
* \marginparwidth=57.0pt
* \marginparsep=11.0pt
* \columnsep=10.0pt
* \skip\footins=9.0pt plus 4.0pt minus 2.0pt
* \hoffset=0.0pt
* \voffset=0.0pt
* \mag=1000
* \@twocolumnfalse
* \@twosidefalse
* \@mparswitchfalse
* \@reversemarginfalse
* (1in=72.27pt=25.4mm, 1cm=28.453pt)

LaTeX Font Info:    Trying to load font information for U+msa on input line 52.

(C:\Users\recjo\AppData\Local\Programs\MiKTeX\tex/latex/amsfonts\umsa.fd
File: umsa.fd 2013/01/14 v3.01 AMS symbols A
)
LaTeX Font Info:    Trying to load font information for U+msb on input line 52.


(C:\Users\recjo\AppData\Local\Programs\MiKTeX\tex/latex/amsfonts\umsb.fd
File: umsb.fd 2013/01/14 v3.01 AMS symbols B
)
(Projektbericht.toc [1

{C:/Users/recjo/AppData/Local/MiKTeX/fonts/map/pdftex/pdftex.map}])
\tf@toc=\write6
\openout6 = `Projektbericht.toc'.

 [2]
<Bilder/LineXpress.png, id=273, 760.64175pt x 418.56375pt>
File: Bilder/LineXpress.png Graphic file (type png)
<use Bilder/LineXpress.png>
Package pdftex.def Info: Bilder/LineXpress.png  used on input line 68.
(pdftex.def)             Requested size: 384.11221pt x 211.36983pt.
 [3

 <./Bilder/LineXpress.png>] [4] [5]
Underfull \hbox (badness 10000) in paragraph at lines 94--96

 []


Underfull \hbox (badness 10000) in paragraph at lines 97--100

 []


Underfull \hbox (badness 10000) in paragraph at lines 101--104

 []


Underfull \hbox (badness 10000) in paragraph at lines 110--112

 []


Underfull \hbox (badness 10000) in paragraph at lines 113--116

 []


Underfull \hbox (badness 10000) in paragraph at lines 117--120

 []

[6]
Underfull \hbox (badness 10000) in paragraph at lines 129--130

 []


Underfull \hbox (badness 10000) in paragraph at lines 131--132

 []


Underfull \hbox (badness 10000) in paragraph at lines 133--134

 []


Underfull \hbox (badness 10000) in paragraph at lines 135--136

 []


Underfull \hbox (badness 10000) in paragraph at lines 137--138

 []

<PDFS/Funktionsstruktur.pdf, id=302, page=1, 845.0471pt x 597.51233pt>
File: PDFS/Funktionsstruktur.pdf Graphic file (type pdf)
<use PDFS/Funktionsstruktur.pdf, page 1>
Package pdftex.def Info: PDFS/Funktionsstruktur.pdf , page1 used on input line 
148.
(pdftex.def)             Requested size: 512.14963pt x 178.45728pt.
<Bilder/ErsterPrototyp.jpeg, id=305, 1069.9975pt x 1606.0pt>
File: Bilder/ErsterPrototyp.jpeg Graphic file (type jpg)
<use Bilder/ErsterPrototyp.jpeg>
Package pdftex.def Info: Bilder/ErsterPrototyp.jpeg  used on input line 185.
(pdftex.def)             Requested size: 160.49269pt x 240.8896pt.
[7 <./PDFS/Funktionsstruktur.pdf>]
<Bilder/platzhalter.jpg, id=330, 1606.0pt x 1069.9975pt>
File: Bilder/platzhalter.jpg Graphic file (type jpg)
<use Bilder/platzhalter.jpg>
Package pdftex.def Info: Bilder/platzhalter.jpg  used on input line 213.
(pdftex.def)             Requested size: 192.71169pt x 128.39415pt.

Overfull \hbox (15.0pt too wide) in paragraph at lines 209--219
[][] 
 []

[8 <./Bilder/ErsterPrototyp.jpeg> <./Bilder/platzhalter.jpg>]
File: Bilder/platzhalter.jpg Graphic file (type jpg)
<use Bilder/platzhalter.jpg>
Package pdftex.def Info: Bilder/platzhalter.jpg  used on input line 233.
(pdftex.def)             Requested size: 192.71169pt x 128.39415pt.

Overfull \hbox (15.0pt too wide) in paragraph at lines 229--239
[][] 
 []

[9] [10]
Underfull \hbox (badness 10000) in paragraph at lines 260--263

 []


Underfull \hbox (badness 10000) in paragraph at lines 435--435
[]|\T1/cmr/bx/n/7 STM32-
 []


Underfull \hbox (badness 6893) in paragraph at lines 435--435
[]|\T1/cmr/m/n/7 PB_ENABLE_ DC-MO-
 []


Underfull \hbox (badness 4328) in paragraph at lines 435--435
[]|\T1/cmr/m/n/7 Blauer Tas-ter auf dem
 []


Underfull \hbox (badness 10000) in paragraph at lines 435--435
[]|\T1/cmr/m/n/7 Grüne LED auf dem
 []

[11] [12] [13]

Package hyperref Warning: Difference (2) between bookmark levels is greater 
(hyperref)                than one, level fixed on input line 569.


Underfull \hbox (badness 10000) in paragraph at lines 575--576

 []


Underfull \hbox (badness 10000) in paragraph at lines 577--579

 []


Underfull \hbox (badness 10000) in paragraph at lines 585--587

 []


Underfull \hbox (badness 10000) in paragraph at lines 588--590

 []


Underfull \hbox (badness 10000) in paragraph at lines 591--593

 []


Underfull \hbox (badness 10000) in paragraph at lines 594--596

 []

[14]
<PDFS/AufgabenstellungChallenge_PM2_FS26_V0.pdf, id=392, 597.432pt x 845.07718p
t>
File: PDFS/AufgabenstellungChallenge_PM2_FS26_V0.pdf Graphic file (type pdf)
<use PDFS/AufgabenstellungChallenge_PM2_FS26_V0.pdf>
Package pdftex.def Info: PDFS/AufgabenstellungChallenge_PM2_FS26_V0.pdf  used o
n input line 670.
(pdftex.def)             Requested size: 597.43054pt x 845.07512pt.
<PDFS/AufgabenstellungChallenge_PM2_FS26_V0.pdf, id=394, page=1, 597.432pt x 84
5.07718pt>
File: PDFS/AufgabenstellungChallenge_PM2_FS26_V0.pdf Graphic file (type pdf)
<use PDFS/AufgabenstellungChallenge_PM2_FS26_V0.pdf, page 1>
Package pdftex.def Info: PDFS/AufgabenstellungChallenge_PM2_FS26_V0.pdf , page1
 used on input line 670.
(pdftex.def)             Requested size: 597.43054pt x 845.07512pt.
File: PDFS/AufgabenstellungChallenge_PM2_FS26_V0.pdf Graphic file (type pdf)
<use PDFS/AufgabenstellungChallenge_PM2_FS26_V0.pdf, page 1>
Package pdftex.def Info: PDFS/AufgabenstellungChallenge_PM2_FS26_V0.pdf , page1
 used on input line 670.
(pdftex.def)             Requested size: 597.45789pt x 845.1138pt.
 [15]
File: PDFS/AufgabenstellungChallenge_PM2_FS26_V0.pdf Graphic file (type pdf)
<use PDFS/AufgabenstellungChallenge_PM2_FS26_V0.pdf, page 1>
Package pdftex.def Info: PDFS/AufgabenstellungChallenge_PM2_FS26_V0.pdf , page1
 used on input line 670.
(pdftex.def)             Requested size: 597.45789pt x 845.1138pt.
File: PDFS/AufgabenstellungChallenge_PM2_FS26_V0.pdf Graphic file (type pdf)
<use PDFS/AufgabenstellungChallenge_PM2_FS26_V0.pdf, page 1>
Package pdftex.def Info: PDFS/AufgabenstellungChallenge_PM2_FS26_V0.pdf , page1
 used on input line 670.
(pdftex.def)             Requested size: 597.45789pt x 845.1138pt.
File: PDFS/AufgabenstellungChallenge_PM2_FS26_V0.pdf Graphic file (type pdf)
<use PDFS/AufgabenstellungChallenge_PM2_FS26_V0.pdf, page 1>
Package pdftex.def Info: PDFS/AufgabenstellungChallenge_PM2_FS26_V0.pdf , page1
 used on input line 670.
(pdftex.def)             Requested size: 597.45789pt x 845.1138pt.
 [16

 <./PDFS/AufgabenstellungChallenge_PM2_FS26_V0.pdf>]
<PDFS/AufgabenstellungChallenge_PM2_FS26_V0.pdf, id=429, page=2, 597.432pt x 84
5.07718pt>
File: PDFS/AufgabenstellungChallenge_PM2_FS26_V0.pdf Graphic file (type pdf)
<use PDFS/AufgabenstellungChallenge_PM2_FS26_V0.pdf, page 2>
Package pdftex.def Info: PDFS/AufgabenstellungChallenge_PM2_FS26_V0.pdf , page2
 used on input line 670.
(pdftex.def)             Requested size: 597.45789pt x 845.1138pt.
File: PDFS/AufgabenstellungChallenge_PM2_FS26_V0.pdf Graphic file (type pdf)
<use PDFS/AufgabenstellungChallenge_PM2_FS26_V0.pdf, page 2>
Package pdftex.def Info: PDFS/AufgabenstellungChallenge_PM2_FS26_V0.pdf , page2
 used on input line 670.
(pdftex.def)             Requested size: 597.45789pt x 845.1138pt.
File: PDFS/AufgabenstellungChallenge_PM2_FS26_V0.pdf Graphic file (type pdf)
<use PDFS/AufgabenstellungChallenge_PM2_FS26_V0.pdf, page 2>
Package pdftex.def Info: PDFS/AufgabenstellungChallenge_PM2_FS26_V0.pdf , page2
 used on input line 670.
(pdftex.def)             Requested size: 597.45789pt x 845.1138pt.
 [17

 <./PDFS/AufgabenstellungChallenge_PM2_FS26_V0.pdf>]
<PDFS/AufgabenstellungChallenge_PM2_FS26_V0.pdf, id=438, page=3, 597.432pt x 84
5.07718pt>
File: PDFS/AufgabenstellungChallenge_PM2_FS26_V0.pdf Graphic file (type pdf)
<use PDFS/AufgabenstellungChallenge_PM2_FS26_V0.pdf, page 3>
Package pdftex.def Info: PDFS/AufgabenstellungChallenge_PM2_FS26_V0.pdf , page3
 used on input line 670.
(pdftex.def)             Requested size: 597.45789pt x 845.1138pt.
File: PDFS/AufgabenstellungChallenge_PM2_FS26_V0.pdf Graphic file (type pdf)
<use PDFS/AufgabenstellungChallenge_PM2_FS26_V0.pdf, page 3>
Package pdftex.def Info: PDFS/AufgabenstellungChallenge_PM2_FS26_V0.pdf , page3
 used on input line 670.
(pdftex.def)             Requested size: 597.45789pt x 845.1138pt.
File: PDFS/AufgabenstellungChallenge_PM2_FS26_V0.pdf Graphic file (type pdf)
<use PDFS/AufgabenstellungChallenge_PM2_FS26_V0.pdf, page 3>
Package pdftex.def Info: PDFS/AufgabenstellungChallenge_PM2_FS26_V0.pdf , page3
 used on input line 670.
(pdftex.def)             Requested size: 597.45789pt x 845.1138pt.
 [18

 <./PDFS/AufgabenstellungChallenge_PM2_FS26_V0.pdf>]
<PDFS/AufgabenstellungChallenge_PM2_FS26_V0.pdf, id=449, page=4, 597.432pt x 84
5.07718pt>
File: PDFS/AufgabenstellungChallenge_PM2_FS26_V0.pdf Graphic file (type pdf)
<use PDFS/AufgabenstellungChallenge_PM2_FS26_V0.pdf, page 4>
Package pdftex.def Info: PDFS/AufgabenstellungChallenge_PM2_FS26_V0.pdf , page4
 used on input line 670.
(pdftex.def)             Requested size: 597.45789pt x 845.1138pt.
File: PDFS/AufgabenstellungChallenge_PM2_FS26_V0.pdf Graphic file (type pdf)
<use PDFS/AufgabenstellungChallenge_PM2_FS26_V0.pdf, page 4>
Package pdftex.def Info: PDFS/AufgabenstellungChallenge_PM2_FS26_V0.pdf , page4
 used on input line 670.
(pdftex.def)             Requested size: 597.45789pt x 845.1138pt.
File: PDFS/AufgabenstellungChallenge_PM2_FS26_V0.pdf Graphic file (type pdf)
<use PDFS/AufgabenstellungChallenge_PM2_FS26_V0.pdf, page 4>
Package pdftex.def Info: PDFS/AufgabenstellungChallenge_PM2_FS26_V0.pdf , page4
 used on input line 670.
(pdftex.def)             Requested size: 597.45789pt x 845.1138pt.
 [19

 <./PDFS/AufgabenstellungChallenge_PM2_FS26_V0.pdf>]
<PDFS/AufgabenstellungChallenge_PM2_FS26_V0.pdf, id=455, page=5, 597.432pt x 84
5.07718pt>
File: PDFS/AufgabenstellungChallenge_PM2_FS26_V0.pdf Graphic file (type pdf)
<use PDFS/AufgabenstellungChallenge_PM2_FS26_V0.pdf, page 5>
Package pdftex.def Info: PDFS/AufgabenstellungChallenge_PM2_FS26_V0.pdf , page5
 used on input line 670.
(pdftex.def)             Requested size: 597.45789pt x 845.1138pt.
File: PDFS/AufgabenstellungChallenge_PM2_FS26_V0.pdf Graphic file (type pdf)
<use PDFS/AufgabenstellungChallenge_PM2_FS26_V0.pdf, page 5>
Package pdftex.def Info: PDFS/AufgabenstellungChallenge_PM2_FS26_V0.pdf , page5
 used on input line 670.
(pdftex.def)             Requested size: 597.45789pt x 845.1138pt.
File: PDFS/AufgabenstellungChallenge_PM2_FS26_V0.pdf Graphic file (type pdf)
<use PDFS/AufgabenstellungChallenge_PM2_FS26_V0.pdf, page 5>
Package pdftex.def Info: PDFS/AufgabenstellungChallenge_PM2_FS26_V0.pdf , page5
 used on input line 670.
(pdftex.def)             Requested size: 597.45789pt x 845.1138pt.

[20

 <./PDFS/AufgabenstellungChallenge_PM2_FS26_V0.pdf>]
<PDFS/AufgabenstellungChallenge_PM2_FS26_V0.pdf, id=460, page=6, 597.432pt x 84
5.07718pt>
File: PDFS/AufgabenstellungChallenge_PM2_FS26_V0.pdf Graphic file (type pdf)
<use PDFS/AufgabenstellungChallenge_PM2_FS26_V0.pdf, page 6>
Package pdftex.def Info: PDFS/AufgabenstellungChallenge_PM2_FS26_V0.pdf , page6
 used on input line 670.
(pdftex.def)             Requested size: 597.45789pt x 845.1138pt.
File: PDFS/AufgabenstellungChallenge_PM2_FS26_V0.pdf Graphic file (type pdf)
<use PDFS/AufgabenstellungChallenge_PM2_FS26_V0.pdf, page 6>
Package pdftex.def Info: PDFS/AufgabenstellungChallenge_PM2_FS26_V0.pdf , page6
 used on input line 670.
(pdftex.def)             Requested size: 597.45789pt x 845.1138pt.
File: PDFS/AufgabenstellungChallenge_PM2_FS26_V0.pdf Graphic file (type pdf)
<use PDFS/AufgabenstellungChallenge_PM2_FS26_V0.pdf, page 6>
Package pdftex.def Info: PDFS/AufgabenstellungChallenge_PM2_FS26_V0.pdf , page6
 used on input line 670.
(pdftex.def)             Requested size: 597.45789pt x 845.1138pt.
 [21

 <./PDFS/AufgabenstellungChallenge_PM2_FS26_V0.pdf>]
<PDFS/AufgabenstellungChallenge_PM2_FS26_V0.pdf, id=467, page=7, 597.432pt x 84
5.07718pt>
File: PDFS/AufgabenstellungChallenge_PM2_FS26_V0.pdf Graphic file (type pdf)
<use PDFS/AufgabenstellungChallenge_PM2_FS26_V0.pdf, page 7>
Package pdftex.def Info: PDFS/AufgabenstellungChallenge_PM2_FS26_V0.pdf , page7
 used on input line 670.
(pdftex.def)             Requested size: 597.45789pt x 845.1138pt.
File: PDFS/AufgabenstellungChallenge_PM2_FS26_V0.pdf Graphic file (type pdf)
<use PDFS/AufgabenstellungChallenge_PM2_FS26_V0.pdf, page 7>
Package pdftex.def Info: PDFS/AufgabenstellungChallenge_PM2_FS26_V0.pdf , page7
 used on input line 670.
(pdftex.def)             Requested size: 597.45789pt x 845.1138pt.
File: PDFS/AufgabenstellungChallenge_PM2_FS26_V0.pdf Graphic file (type pdf)
<use PDFS/AufgabenstellungChallenge_PM2_FS26_V0.pdf, page 7>
Package pdftex.def Info: PDFS/AufgabenstellungChallenge_PM2_FS26_V0.pdf , page7
 used on input line 670.
(pdftex.def)             Requested size: 597.45789pt x 845.1138pt.
 [22

 <./PDFS/AufgabenstellungChallenge_PM2_FS26_V0.pdf>]
<PDFS/AufgabenstellungChallenge_PM2_FS26_V0.pdf, id=472, page=8, 597.432pt x 84
5.07718pt>
File: PDFS/AufgabenstellungChallenge_PM2_FS26_V0.pdf Graphic file (type pdf)
<use PDFS/AufgabenstellungChallenge_PM2_FS26_V0.pdf, page 8>
Package pdftex.def Info: PDFS/AufgabenstellungChallenge_PM2_FS26_V0.pdf , page8
 used on input line 670.
(pdftex.def)             Requested size: 597.45789pt x 845.1138pt.
File: PDFS/AufgabenstellungChallenge_PM2_FS26_V0.pdf Graphic file (type pdf)
<use PDFS/AufgabenstellungChallenge_PM2_FS26_V0.pdf, page 8>
Package pdftex.def Info: PDFS/AufgabenstellungChallenge_PM2_FS26_V0.pdf , page8
 used on input line 670.
(pdftex.def)             Requested size: 597.45789pt x 845.1138pt.
File: PDFS/AufgabenstellungChallenge_PM2_FS26_V0.pdf Graphic file (type pdf)
<use PDFS/AufgabenstellungChallenge_PM2_FS26_V0.pdf, page 8>
Package pdftex.def Info: PDFS/AufgabenstellungChallenge_PM2_FS26_V0.pdf , page8
 used on input line 670.
(pdftex.def)             Requested size: 597.45789pt x 845.1138pt.
 [23

 <./PDFS/AufgabenstellungChallenge_PM2_FS26_V0.pdf>]
<PDFS/AufgabenstellungChallenge_PM2_FS26_V0.pdf, id=477, page=9, 597.432pt x 84
5.07718pt>
File: PDFS/AufgabenstellungChallenge_PM2_FS26_V0.pdf Graphic file (type pdf)
<use PDFS/AufgabenstellungChallenge_PM2_FS26_V0.pdf, page 9>
Package pdftex.def Info: PDFS/AufgabenstellungChallenge_PM2_FS26_V0.pdf , page9
 used on input line 670.
(pdftex.def)             Requested size: 597.45789pt x 845.1138pt.
File: PDFS/AufgabenstellungChallenge_PM2_FS26_V0.pdf Graphic file (type pdf)
<use PDFS/AufgabenstellungChallenge_PM2_FS26_V0.pdf, page 9>
Package pdftex.def Info: PDFS/AufgabenstellungChallenge_PM2_FS26_V0.pdf , page9
 used on input line 670.
(pdftex.def)             Requested size: 597.45789pt x 845.1138pt.
File: PDFS/AufgabenstellungChallenge_PM2_FS26_V0.pdf Graphic file (type pdf)
<use PDFS/AufgabenstellungChallenge_PM2_FS26_V0.pdf, page 9>
Package pdftex.def Info: PDFS/AufgabenstellungChallenge_PM2_FS26_V0.pdf , page9
 used on input line 670.
(pdftex.def)             Requested size: 597.45789pt x 845.1138pt.
 [24

 <./PDFS/AufgabenstellungChallenge_PM2_FS26_V0.pdf>]

pdfTeX warning: pdflatex.exe (file ./PDFS/Zeitplan.pdf): PDF inclusion: found P
DF version <1.7>, but at most version <1.5> allowed
<PDFS/Zeitplan.pdf, id=486, 1808.7575pt x 1205.50375pt>
File: PDFS/Zeitplan.pdf Graphic file (type pdf)
<use PDFS/Zeitplan.pdf>
Package pdftex.def Info: PDFS/Zeitplan.pdf  used on input line 679.
(pdftex.def)             Requested size: 1808.75311pt x 1205.50082pt.


pdfTeX warning: pdflatex.exe (file ./PDFS/Zeitplan.pdf): PDF inclusion: found P
DF version <1.7>, but at most version <1.5> allowed


pdfTeX warning: pdflatex.exe (file ./PDFS/Zeitplan.pdf): PDF inclusion: found P
DF version <1.7>, but at most version <1.5> allowed
<PDFS/Zeitplan.pdf, id=488, page=1, 1808.7575pt x 1205.50375pt>
File: PDFS/Zeitplan.pdf Graphic file (type pdf)
<use PDFS/Zeitplan.pdf, page 1>
Package pdftex.def Info: PDFS/Zeitplan.pdf , page1 used on input line 679.
(pdftex.def)             Requested size: 1808.75311pt x 1205.50082pt.
File: PDFS/Zeitplan.pdf Graphic file (type pdf)
<use PDFS/Zeitplan.pdf, page 1>
Package pdftex.def Info: PDFS/Zeitplan.pdf , page1 used on input line 679.
(pdftex.def)             Requested size: 597.7474pt x 398.3877pt.
File: PDFS/Zeitplan.pdf Graphic file (type pdf)
<use PDFS/Zeitplan.pdf, page 1>
Package pdftex.def Info: PDFS/Zeitplan.pdf , page1 used on input line 679.
(pdftex.def)             Requested size: 597.7474pt x 398.3877pt.
File: PDFS/Zeitplan.pdf Graphic file (type pdf)
<use PDFS/Zeitplan.pdf, page 1>
Package pdftex.def Info: PDFS/Zeitplan.pdf , page1 used on input line 679.
(pdftex.def)             Requested size: 597.7474pt x 398.3877pt.
File: PDFS/Zeitplan.pdf Graphic file (type pdf)
<use PDFS/Zeitplan.pdf, page 1>
Package pdftex.def Info: PDFS/Zeitplan.pdf , page1 used on input line 679.
(pdftex.def)             Requested size: 597.7474pt x 398.3877pt.
[25


 <./PDFS/Zeitplan.pdf>]

pdfTeX warning: pdflatex.exe (file ./PDFS/Anforderungsliste.pdf): PDF inclusion
: found PDF version <1.7>, but at most version <1.5> allowed
<PDFS/Anforderungsliste.pdf, id=496, 597.55246pt x 845.07718pt>
File: PDFS/Anforderungsliste.pdf Graphic file (type pdf)
<use PDFS/Anforderungsliste.pdf>
Package pdftex.def Info: PDFS/Anforderungsliste.pdf  used on input line 688.
(pdftex.def)             Requested size: 597.551pt x 845.07512pt.


pdfTeX warning: pdflatex.exe (file ./PDFS/Anforderungsliste.pdf): PDF inclusion
: found PDF version <1.7>, but at most version <1.5> allowed


pdfTeX warning: pdflatex.exe (file ./PDFS/Anforderungsliste.pdf): PDF inclusion
: found PDF version <1.7>, but at most version <1.5> allowed
<PDFS/Anforderungsliste.pdf, id=498, page=1, 597.55246pt x 845.07718pt>
File: PDFS/Anforderungsliste.pdf Graphic file (type pdf)
<use PDFS/Anforderungsliste.pdf, page 1>
Package pdftex.def Info: PDFS/Anforderungsliste.pdf , page1 used on input line 
688.
(pdftex.def)             Requested size: 597.551pt x 845.07512pt.
File: PDFS/Anforderungsliste.pdf Graphic file (type pdf)
<use PDFS/Anforderungsliste.pdf, page 1>
Package pdftex.def Info: PDFS/Anforderungsliste.pdf , page1 used on input line 
688.
(pdftex.def)             Requested size: 597.57834pt x 845.1138pt.
File: PDFS/Anforderungsliste.pdf Graphic file (type pdf)
<use PDFS/Anforderungsliste.pdf, page 1>
Package pdftex.def Info: PDFS/Anforderungsliste.pdf , page1 used on input line 
688.
(pdftex.def)             Requested size: 597.57834pt x 845.1138pt.
File: PDFS/Anforderungsliste.pdf Graphic file (type pdf)
<use PDFS/Anforderungsliste.pdf, page 1>
Package pdftex.def Info: PDFS/Anforderungsliste.pdf , page1 used on input line 
688.
(pdftex.def)             Requested size: 597.57834pt x 845.1138pt.
File: PDFS/Anforderungsliste.pdf Graphic file (type pdf)
<use PDFS/Anforderungsliste.pdf, page 1>
Package pdftex.def Info: PDFS/Anforderungsliste.pdf , page1 used on input line 
688.
(pdftex.def)             Requested size: 597.57834pt x 845.1138pt.
[26


 <./PDFS/Anforderungsliste.pdf>]

pdfTeX warning: pdflatex.exe (file ./PDFS/Anforderungsliste.pdf): PDF inclusion
: found PDF version <1.7>, but at most version <1.5> allowed
<PDFS/Anforderungsliste.pdf, id=519, page=2, 597.55246pt x 845.07718pt>
File: PDFS/Anforderungsliste.pdf Graphic file (type pdf)
<use PDFS/Anforderungsliste.pdf, page 2>
Package pdftex.def Info: PDFS/Anforderungsliste.pdf , page2 used on input line 
688.
(pdftex.def)             Requested size: 597.57834pt x 845.1138pt.
File: PDFS/Anforderungsliste.pdf Graphic file (type pdf)
<use PDFS/Anforderungsliste.pdf, page 2>
Package pdftex.def Info: PDFS/Anforderungsliste.pdf , page2 used on input line 
688.
(pdftex.def)             Requested size: 597.57834pt x 845.1138pt.
File: PDFS/Anforderungsliste.pdf Graphic file (type pdf)
<use PDFS/Anforderungsliste.pdf, page 2>
Package pdftex.def Info: PDFS/Anforderungsliste.pdf , page2 used on input line 
688.
(pdftex.def)             Requested size: 597.57834pt x 845.1138pt.
[27

 <./PDFS/Anforderungsliste.pdf>]
<PDFS/Funktionsstruktur.pdf, id=532, 845.0471pt x 597.51233pt>
File: PDFS/Funktionsstruktur.pdf Graphic file (type pdf)
<use PDFS/Funktionsstruktur.pdf>
Package pdftex.def Info: PDFS/Funktionsstruktur.pdf  used on input line 697.
(pdftex.def)             Requested size: 845.04504pt x 597.51086pt.
File: PDFS/Funktionsstruktur.pdf Graphic file (type pdf)
<use PDFS/Funktionsstruktur.pdf, page 1>
Package pdftex.def Info: PDFS/Funktionsstruktur.pdf , page1 used on input line 
697.
(pdftex.def)             Requested size: 845.04504pt x 597.51086pt.
File: PDFS/Funktionsstruktur.pdf Graphic file (type pdf)
<use PDFS/Funktionsstruktur.pdf, page 1>
Package pdftex.def Info: PDFS/Funktionsstruktur.pdf , page1 used on input line 
697.
(pdftex.def)             Requested size: 597.53772pt x 422.50443pt.
File: PDFS/Funktionsstruktur.pdf Graphic file (type pdf)
<use PDFS/Funktionsstruktur.pdf, page 1>
Package pdftex.def Info: PDFS/Funktionsstruktur.pdf , page1 used on input line 
697.
(pdftex.def)             Requested size: 597.53772pt x 422.50443pt.
File: PDFS/Funktionsstruktur.pdf Graphic file (type pdf)
<use PDFS/Funktionsstruktur.pdf, page 1>
Package pdftex.def Info: PDFS/Funktionsstruktur.pdf , page1 used on input line 
697.
(pdftex.def)             Requested size: 597.53772pt x 422.50443pt.
File: PDFS/Funktionsstruktur.pdf Graphic file (type pdf)
<use PDFS/Funktionsstruktur.pdf, page 1>
Package pdftex.def Info: PDFS/Funktionsstruktur.pdf , page1 used on input line 
697.
(pdftex.def)             Requested size: 597.53772pt x 422.50443pt.
 [28


] (Projektbericht.aux)
 ***********
LaTeX2e <2023-11-01> patch level 1
L3 programming layer <2024-01-04>
 ***********
Package rerunfilecheck Info: File `Projektbericht.out' has not changed.
(rerunfilecheck)             Checksum: D58CAFBBE8CD13A32B2EC7C628F60B09;7377.
Package logreq Info: Writing requests to 'Projektbericht.run.xml'.
\openout1 = `Projektbericht.run.xml'.

 ) 
Here is how much of TeX's memory you used:
 32137 strings out of 474486
 615257 string characters out of 5743754
 1961542 words of memory out of 5000000
 53846 multiletter control sequences out of 15000+600000
 573914 words of font info for 75 fonts, out of 8000000 for 9000
 1143 hyphenation exceptions out of 8191
 84i,17n,87p,1161b,2371s stack positions out of 10000i,1000n,20000p,200000b,200000s
 <C:\Users\recjo\AppData\Local\MiKTeX\fonts/pk/ljfour/jknappen/ec/dpi600\ecti
1000.pk> <C:\Users\recjo\AppData\Local\MiKTeX\fonts/pk/ljfour/jknappen/ec/dpi60
0\ecbx0700.pk> <C:\Users\recjo\AppData\Local\MiKTeX\fonts/pk/ljfour/jknappen/ec
/dpi600\ecrm0700.pk> <C:\Users\recjo\AppData\Local\MiKTeX\fonts/pk/ljfour/jknap
pen/ec/dpi600\tcrm1000.pk> <C:\Users\recjo\AppData\Local\MiKTeX\fonts/pk/ljfour
/jknappen/ec/dpi600\ecrm0800.pk> <C:\Users\recjo\AppData\Local\MiKTeX\fonts/pk/
ljfour/jknappen/ec/dpi600\ecbx1200.pk> <C:\Users\recjo\AppData\Local\MiKTeX\fon
ts/pk/ljfour/jknappen/ec/dpi600\ecrm1000.pk> <C:\Users\recjo\AppData\Local\MiKT
eX\fonts/pk/ljfour/jknappen/ec/dpi600\ecbx1000.pk> <C:\Users\recjo\AppData\Loca
l\MiKTeX\fonts/pk/ljfour/jknappen/ec/dpi600\ecbx1440.pk> <C:\Users\recjo\AppDat
a\Local\MiKTeX\fonts/pk/ljfour/jknappen/ec/dpi600\ecrm1200.pk> <C:\Users\recjo\
AppData\Local\MiKTeX\fonts/pk/ljfour/jknappen/ec/dpi600\ecbx1728.pk><C:/Users/r
ecjo/AppData/Local/Programs/MiKTeX/fonts/type1/public/amsfonts/cm/cmsy10.pfb>
Output written on Projektbericht.pdf (28 pages, 7645538 bytes).
PDF statistics:
 1041 PDF objects out of 1200 (max. 8388607)
 94 named destinations out of 1000 (max. 500000)
 539 words of extra memory for PDF output out of 10000 (max. 10000000)

