\BOOKMARK [1][-]{section.1}{\376\377\000E\000i\000n\000l\000e\000i\000t\000u\000n\000g}{}% 1
\BOOKMARK [2][-]{subsection.1.1}{\376\377\000A\000u\000s\000g\000a\000n\000g\000s\000l\000a\000g\000e}{section.1}% 2
\BOOKMARK [2][-]{subsection.1.2}{\376\377\000U\000n\000t\000e\000r\000t\000e\000i\000l\000u\000n\000g}{section.1}% 3
\BOOKMARK [1][-]{section.2}{\376\377\000M\000e\000c\000h\000a\000n\000i\000k}{}% 4
\BOOKMARK [2][-]{subsection.2.1}{\376\377\000G\000e\000o\000m\000e\000t\000r\000i\000e\000\040\000L\000i\000n\000e\000-\000F\000o\000l\000l\000o\000w}{section.2}% 5
\BOOKMARK [2][-]{subsection.2.2}{\376\377\000A\000n\000t\000r\000i\000e\000b\000s\000k\000o\000n\000z\000e\000p\000t}{section.2}% 6
\BOOKMARK [2][-]{subsection.2.3}{\376\377\000G\000r\000e\000i\000f\000-\000\040\000u\000n\000d\000\040\000A\000r\000m\000m\000e\000c\000h\000a\000n\000i\000s\000m\000u\000s}{section.2}% 7
\BOOKMARK [3][-]{subsubsection.2.3.1}{\376\377\000A\000r\000m\000g\000e\000o\000m\000e\000t\000r\000i\000e}{subsection.2.3}% 8
\BOOKMARK [1][-]{section.3}{\376\377\000E\000l\000e\000k\000t\000r\000o\000n\000i\000k}{}% 9
\BOOKMARK [2][-]{subsection.3.1}{\376\377\000N\000U\000C\000L\000E\000O\000-\000F\0004\0004\0006\000R\000E}{section.3}% 10
\BOOKMARK [2][-]{subsection.3.2}{\376\377\000Z\000H\000A\000W\000\040\000P\000E\000S\000\040\000B\000o\000a\000r\000d}{section.3}% 11
\BOOKMARK [3][-]{subsubsection.3.2.1}{\376\377\000D\000C\000-\000M\000o\000t\000o\000r}{subsection.3.2}% 12
\BOOKMARK [3][-]{subsubsection.3.2.2}{\376\377\000S\000e\000r\000v\000o\000-\000M\000o\000t\000o\000r}{subsection.3.2}% 13
\BOOKMARK [3][-]{subsubsection.3.2.3}{\376\377\000L\000E\000D}{subsection.3.2}% 14
\BOOKMARK [3][-]{subsubsection.3.2.4}{\376\377\000D\000r\000u\000c\000k\000s\000e\000n\000s\000o\000r}{subsection.3.2}% 15
\BOOKMARK [3][-]{subsubsection.3.2.5}{\376\377\000I\000R\000-\000S\000e\000n\000s\000o\000r}{subsection.3.2}% 16
\BOOKMARK [3][-]{subsubsection.3.2.6}{\376\377\000U\000l\000t\000r\000a\000s\000c\000h\000a\000l\000l\000-\000S\000e\000n\000s\000o\000r}{subsection.3.2}% 17
\BOOKMARK [3][-]{subsubsection.3.2.7}{\376\377\000F\000a\000r\000b\000s\000e\000n\000s\000o\000r}{subsection.3.2}% 18
\BOOKMARK [3][-]{subsubsection.3.2.8}{\376\377\000L\000i\000n\000e\000-\000F\000o\000l\000l\000o\000w\000e\000r\000-\000A\000r\000r\000a\000y}{subsection.3.2}% 19
\BOOKMARK [1][-]{section.4}{\376\377\000I\000n\000f\000o\000r\000m\000a\000t\000i\000k}{}% 20
\BOOKMARK [2][-]{subsection.4.1}{\376\377\000P\000D\000-\000R\000e\000g\000l\000e\000r\000\040\000\050\000L\000i\000n\000i\000e\000n\000f\000o\000l\000g\000e\000r\000\051}{section.4}% 21
\BOOKMARK [2][-]{subsection.4.2}{\376\377\000Z\000u\000s\000t\000a\000n\000d\000s\000m\000a\000s\000c\000h\000i\000n\000e}{section.4}% 22
\BOOKMARK [1][-]{section.5}{\376\377\000V\000e\000r\000g\000l\000e\000i\000c\000h\000b\000a\000r\000e\000\040\000P\000r\000o\000j\000e\000k\000t\000e}{}% 23
